Archive member included to satisfy reference by file (symbol)

c:/vsarm/armcc/10 2021.10/bin/../lib/gcc/arm-none-eabi/10.3.1/thumb/v6-m/nofp\libgcc.a(_dvmd_tls.o)
                              CMakeFiles/blink.dir/C_/VSARM/sdk/pico/pico-sdk/src/rp2_common/pico_divider/divider_hardware.S.obj (__aeabi_idiv0)
c:/vsarm/armcc/10 2021.10/bin/../lib/gcc/arm-none-eabi/10.3.1/../../../../arm-none-eabi/lib/thumb/v6-m/nofp\libg.a(lib_a-calloc.o)
                              CMakeFiles/blink.dir/C_/VSARM/sdk/pico/pico-sdk/src/rp2_common/pico_malloc/malloc.c.obj (calloc)
c:/vsarm/armcc/10 2021.10/bin/../lib/gcc/arm-none-eabi/10.3.1/../../../../arm-none-eabi/lib/thumb/v6-m/nofp\libg.a(lib_a-callocr.o)
                              c:/vsarm/armcc/10 2021.10/bin/../lib/gcc/arm-none-eabi/10.3.1/../../../../arm-none-eabi/lib/thumb/v6-m/nofp\libg.a(lib_a-calloc.o) (_calloc_r)
c:/vsarm/armcc/10 2021.10/bin/../lib/gcc/arm-none-eabi/10.3.1/../../../../arm-none-eabi/lib/thumb/v6-m/nofp\libg.a(lib_a-ctype_.o)
                              CMakeFiles/blink.dir/C_/VSARM/sdk/pico/pico-sdk/lib/tinyusb/src/tusb.c.obj (_ctype_)
c:/vsarm/armcc/10 2021.10/bin/../lib/gcc/arm-none-eabi/10.3.1/../../../../arm-none-eabi/lib/thumb/v6-m/nofp\libg.a(lib_a-errno.o)
                              c:/vsarm/armcc/10 2021.10/bin/../lib/gcc/arm-none-eabi/10.3.1/../../../../arm-none-eabi/lib/thumb/v6-m/nofp\libg.a(lib_a-callocr.o) (__errno)
c:/vsarm/armcc/10 2021.10/bin/../lib/gcc/arm-none-eabi/10.3.1/../../../../arm-none-eabi/lib/thumb/v6-m/nofp\libg.a(lib_a-impure.o)
                              c:/vsarm/armcc/10 2021.10/bin/../lib/gcc/arm-none-eabi/10.3.1/../../../../arm-none-eabi/lib/thumb/v6-m/nofp\libg.a(lib_a-calloc.o) (_impure_ptr)
c:/vsarm/armcc/10 2021.10/bin/../lib/gcc/arm-none-eabi/10.3.1/../../../../arm-none-eabi/lib/thumb/v6-m/nofp\libg.a(lib_a-init.o)
                              c:/vsarm/armcc/10 2021.10/bin/../lib/gcc/arm-none-eabi/10.3.1/../../../../arm-none-eabi/lib/thumb/v6-m/nofp/crt0.o (__libc_init_array)
c:/vsarm/armcc/10 2021.10/bin/../lib/gcc/arm-none-eabi/10.3.1/../../../../arm-none-eabi/lib/thumb/v6-m/nofp\libg.a(lib_a-lcltime_r.o)
                              CMakeFiles/blink.dir/C_/VSARM/sdk/pico/pico-sdk/src/common/pico_util/datetime.c.obj (localtime_r)
c:/vsarm/armcc/10 2021.10/bin/../lib/gcc/arm-none-eabi/10.3.1/../../../../arm-none-eabi/lib/thumb/v6-m/nofp\libg.a(lib_a-malloc.o)
                              CMakeFiles/blink.dir/C_/VSARM/sdk/pico/pico-sdk/src/rp2_common/pico_malloc/malloc.c.obj (malloc)
c:/vsarm/armcc/10 2021.10/bin/../lib/gcc/arm-none-eabi/10.3.1/../../../../arm-none-eabi/lib/thumb/v6-m/nofp\libg.a(lib_a-mallocr.o)
                              c:/vsarm/armcc/10 2021.10/bin/../lib/gcc/arm-none-eabi/10.3.1/../../../../arm-none-eabi/lib/thumb/v6-m/nofp\libg.a(lib_a-callocr.o) (_malloc_r)
c:/vsarm/armcc/10 2021.10/bin/../lib/gcc/arm-none-eabi/10.3.1/../../../../arm-none-eabi/lib/thumb/v6-m/nofp\libg.a(lib_a-memcmp.o)
                              CMakeFiles/blink.dir/C_/VSARM/sdk/pico/pico-sdk/src/rp2_common/pico_atomic/atomic.c.obj (memcmp)
c:/vsarm/armcc/10 2021.10/bin/../lib/gcc/arm-none-eabi/10.3.1/../../../../arm-none-eabi/lib/thumb/v6-m/nofp\libg.a(lib_a-mktime.o)
                              CMakeFiles/blink.dir/C_/VSARM/sdk/pico/pico-sdk/src/common/pico_util/datetime.c.obj (mktime)
c:/vsarm/armcc/10 2021.10/bin/../lib/gcc/arm-none-eabi/10.3.1/../../../../arm-none-eabi/lib/thumb/v6-m/nofp\libg.a(lib_a-mlock.o)
                              c:/vsarm/armcc/10 2021.10/bin/../lib/gcc/arm-none-eabi/10.3.1/../../../../arm-none-eabi/lib/thumb/v6-m/nofp\libg.a(lib_a-mallocr.o) (__malloc_lock)
c:/vsarm/armcc/10 2021.10/bin/../lib/gcc/arm-none-eabi/10.3.1/../../../../arm-none-eabi/lib/thumb/v6-m/nofp\libg.a(lib_a-month_lengths.o)
                              c:/vsarm/armcc/10 2021.10/bin/../lib/gcc/arm-none-eabi/10.3.1/../../../../arm-none-eabi/lib/thumb/v6-m/nofp\libg.a(lib_a-lcltime_r.o) (__month_lengths)
c:/vsarm/armcc/10 2021.10/bin/../lib/gcc/arm-none-eabi/10.3.1/../../../../arm-none-eabi/lib/thumb/v6-m/nofp\libg.a(lib_a-realloc.o)
                              CMakeFiles/blink.dir/C_/VSARM/sdk/pico/pico-sdk/src/rp2_common/pico_malloc/malloc.c.obj (realloc)
c:/vsarm/armcc/10 2021.10/bin/../lib/gcc/arm-none-eabi/10.3.1/../../../../arm-none-eabi/lib/thumb/v6-m/nofp\libg.a(lib_a-reallocr.o)
                              c:/vsarm/armcc/10 2021.10/bin/../lib/gcc/arm-none-eabi/10.3.1/../../../../arm-none-eabi/lib/thumb/v6-m/nofp\libg.a(lib_a-realloc.o) (_realloc_r)
c:/vsarm/armcc/10 2021.10/bin/../lib/gcc/arm-none-eabi/10.3.1/../../../../arm-none-eabi/lib/thumb/v6-m/nofp\libg.a(lib_a-sbrkr.o)
                              c:/vsarm/armcc/10 2021.10/bin/../lib/gcc/arm-none-eabi/10.3.1/../../../../arm-none-eabi/lib/thumb/v6-m/nofp\libg.a(lib_a-mallocr.o) (_sbrk_r)
c:/vsarm/armcc/10 2021.10/bin/../lib/gcc/arm-none-eabi/10.3.1/../../../../arm-none-eabi/lib/thumb/v6-m/nofp\libg.a(lib_a-strlen-stub.o)
[...]
Memory Configuration

Name             Origin             Length             Attributes
FLASH            0x10000000         0x00200000         xr
RAM              0x20000000         0x00040000         xrw
SCRATCH_X        0x20040000         0x00001000         xrw
SCRATCH_Y        0x20041000         0x00001000         xrw
*default*        0x00000000         0xffffffff

Linker script and memory map

LOAD c:/vsarm/armcc/10 2021.10/bin/../lib/gcc/arm-none-eabi/10.3.1/thumb/v6-m/nofp/crti.o
LOAD c:/vsarm/armcc/10 2021.10/bin/../lib/gcc/arm-none-eabi/10.3.1/thumb/v6-m/nofp/crtbegin.o
LOAD c:/vsarm/armcc/10 2021.10/bin/../lib/gcc/arm-none-eabi/10.3.1/../../../../arm-none-eabi/lib/thumb/v6-m/nofp/crt0.o

.flash_begin    0x10000000        0x0
                0x10000000                __flash_binary_start = .

.boot2          0x10000000      0x100
                0x10000000                __boot2_start__ = .
 *(.boot2)
 .boot2         0x10000000      0x100 C:\Users\Youssef\AppData\Local\Temp\cc6q8CSD.o
                0x10000100                __boot2_end__ = .
                0x00000001                ASSERT (((__boot2_end__ - __boot2_start__) == 0x100), ERROR: Pico second stage bootloader must be 256 bytes in size)

.text           0x10000100     0x6b14
                0x10000100                __logical_binary_start = .
 *(.vectors)
 .vectors       0x10000100       0xd4 CMakeFiles/blink.dir/C_/VSARM/sdk/pico/pico-sdk/src/rp2_common/pico_crt0/crt0.S.obj
                0x10000100                __VECTOR_TABLE
                0x10000100                __vectors
                0x100001c0                isr_invalid
                0x100001c0                __default_isrs_start
                0x100001c2                isr_nmi
                0x100001c4                isr_hardfault
                0x100001c6                isr_svcall
                0x100001c8                isr_pendsv
                0x100001ca                isr_systick
                0x100001cc                isr_irq23
                0x100001cc                isr_irq18
                0x100001cc                isr_irq11
                0x100001cc                isr_irq28
                0x100001cc                isr_irq19
                0x100001cc                isr_irq0
                0x100001cc                isr_irq6
                0x100001cc                isr_irq5
                0x100001cc                isr_irq12
                0x100001cc                isr_irq22
                0x100001cc                isr_irq31
                0x100001cc                isr_irq17
                0x100001cc                isr_irq27
                0x100001cc                isr_irq30
                0x100001cc                isr_irq2
                0x100001cc                isr_irq10
                0x100001cc                isr_irq8
                0x100001cc                isr_irq24
                0x100001cc                isr_irq1
                0x100001cc                isr_irq7
                0x100001cc                isr_irq21
                0x100001cc                isr_irq20
                0x100001cc                isr_irq15
                0x100001cc                isr_irq25
                0x100001cc                isr_irq13
                0x100001cc                __unhandled_user_irq
                0x100001cc                isr_irq4
                0x100001cc                isr_irq16
                0x100001cc                isr_irq29
                0x100001cc                isr_irq26
                0x100001cc                __default_isrs_end
                0x100001cc                isr_irq3
                0x100001cc                isr_irq14
                0x100001cc                isr_irq9
                0x100001d2                unhandled_user_irq_num_in_r0
 *(.binary_info_header)
 .binary_info_header
                0x100001d4       0x14 CMakeFiles/blink.dir/C_/VSARM/sdk/pico/pico-sdk/src/rp2_common/pico_crt0/crt0.S.obj
                0x100001e8                __binary_info_header_end = .
 *(.embedded_block)
                0x100001e8                __embedded_block_end = .
 *(.reset)
 .reset         0x100001e8       0x9c CMakeFiles/blink.dir/C_/VSARM/sdk/pico/pico-sdk/src/rp2_common/pico_crt0/crt0.S.obj
                0x100001e8                _entry_point
 *(.init)
 .init          0x10000284        0x4 c:/vsarm/armcc/10 2021.10/bin/../lib/gcc/arm-none-eabi/10.3.1/thumb/v6-m/nofp/crti.o
                0x10000284                _init
 *(EXCLUDE_FILE(*libm.a: *libc.a:*lib_a-mem*.o *libgcc.a:) .text*)
 .text          0x10000288       0x48 c:/vsarm/armcc/10 2021.10/bin/../lib/gcc/arm-none-eabi/10.3.1/thumb/v6-m/nofp/crtbegin.o
 .text.main     0x100002d0       0x2a CMakeFiles/blink.dir/main.c.obj
                0x100002d0                main
 *fill*         0x100002fa        0x2 
 .text.imu_init
                0x100002fc       0xbc CMakeFiles/blink.dir/gyroscope_sensor.c.obj
                0x100002fc                imu_init
 .text.print_sensor_contents
                0x100003b8       0xac CMakeFiles/blink.dir/gyroscope_sensor.c.obj
                0x100003b8                print_sensor_contents
 .text.i2c_write_blocking_internal
                0x10000464      0x158 CMakeFiles/blink.dir/C_/VSARM/sdk/pico/pico-sdk/src/rp2_common/hardware_i2c/i2c.c.obj
 .text.i2c_read_blocking_internal
                0x100005bc       0xf6 CMakeFiles/blink.dir/C_/VSARM/sdk/pico/pico-sdk/src/rp2_common/hardware_i2c/i2c.c.obj
 *fill*         0x100006b2        0x2 
 .text.i2c_set_baudrate
                0x100006b4       0xf0 CMakeFiles/blink.dir/C_/VSARM/sdk/pico/pico-sdk/src/rp2_common/hardware_i2c/i2c.c.obj
                0x100006b4                i2c_set_baudrate
 .text.i2c_init
                0x100007a4       0x6c CMakeFiles/blink.dir/C_/VSARM/sdk/pico/pico-sdk/src/rp2_common/hardware_i2c/i2c.c.obj
                0x100007a4                i2c_init
 .text.i2c_write_blocking
                0x10000810       0x18 CMakeFiles/blink.dir/C_/VSARM/sdk/pico/pico-sdk/src/rp2_common/hardware_i2c/i2c.c.obj
                0x10000810                i2c_write_blocking
 .text.i2c_read_blocking
                0x10000828       0x18 CMakeFiles/blink.dir/C_/VSARM/sdk/pico/pico-sdk/src/rp2_common/hardware_i2c/i2c.c.obj
                0x10000828                i2c_read_blocking
 .text.rp2040_chip_version
                0x10000840       0x4c CMakeFiles/blink.dir/C_/VSARM/sdk/pico/pico-sdk/src/rp2040/pico_platform/platform.c.obj
                0x10000840                rp2040_chip_version
 .text.panic    0x1000088c       0x30 CMakeFiles/blink.dir/C_/VSARM/sdk/pico/pico-sdk/src/rp2_common/pico_platform_panic/panic.c.obj
                0x1000088c                panic
 .text.hw_claim_lock
                0x100008bc       0x18 CMakeFiles/blink.dir/C_/VSARM/sdk/pico/pico-sdk/src/common/hardware_claim/claim.c.obj
                0x100008bc                hw_claim_lock
 .text.hw_claim_unlock
                0x100008d4       0x14 CMakeFiles/blink.dir/C_/VSARM/sdk/pico/pico-sdk/src/common/hardware_claim/claim.c.obj
                0x100008d4                hw_claim_unlock
 .text.hw_claim_or_assert
                0x100008e8       0x32 CMakeFiles/blink.dir/C_/VSARM/sdk/pico/pico-sdk/src/common/hardware_claim/claim.c.obj
                0x100008e8                hw_claim_or_assert
 .text.hw_claim_unused_from_range
                0x1000091a       0x50 CMakeFiles/blink.dir/C_/VSARM/sdk/pico/pico-sdk/src/common/hardware_claim/claim.c.obj
                0x1000091a                hw_claim_unused_from_range
 *fill*         0x1000096a        0x2 
 .text.next_striped_spin_lock_num
                0x1000096c       0x1c CMakeFiles/blink.dir/C_/VSARM/sdk/pico/pico-sdk/src/rp2_common/hardware_sync/sync.c.obj
                0x1000096c                next_striped_spin_lock_num
 .text.spin_lock_claim_unused
                0x10000988       0x20 CMakeFiles/blink.dir/C_/VSARM/sdk/pico/pico-sdk/src/rp2_common/hardware_sync/sync.c.obj
                0x10000988                spin_lock_claim_unused
 .text.spin_locks_reset
                0x100009a8       0x20 CMakeFiles/blink.dir/C_/VSARM/sdk/pico/pico-sdk/src/rp2_common/hardware_sync_spin_lock/sync_spin_lock.c.obj
                0x100009a8                spin_locks_reset
 .text.make_alarm_id
                0x100009c8        0x6 CMakeFiles/blink.dir/C_/VSARM/sdk/pico/pico-sdk/src/common/pico_time/time.c.obj
 *fill*         0x100009ce        0x2 
 .text.sleep_until_callback
                0x100009d0       0x30 CMakeFiles/blink.dir/C_/VSARM/sdk/pico/pico-sdk/src/common/pico_time/time.c.obj
 .text.alarm_pool_irq_handler
                0x10000a00      0x2e4 CMakeFiles/blink.dir/C_/VSARM/sdk/pico/pico-sdk/src/common/pico_time/time.c.obj
 .text.alarm_pool_post_alloc_init
                0x10000ce4       0x94 CMakeFiles/blink.dir/C_/VSARM/sdk/pico/pico-sdk/src/common/pico_time/time.c.obj
 .text.alarm_pool_get_default
                0x10000d78       0x2c CMakeFiles/blink.dir/C_/VSARM/sdk/pico/pico-sdk/src/common/pico_time/time.c.obj
                0x10000d78                alarm_pool_get_default
 .text.alarm_pool_add_alarm_at_force_in_context
                0x10000da4       0xb0 CMakeFiles/blink.dir/C_/VSARM/sdk/pico/pico-sdk/src/common/pico_time/time.c.obj
                0x10000da4                alarm_pool_add_alarm_at_force_in_context
 .text.alarm_pool_add_alarm_at
                0x10000e54       0x3c CMakeFiles/blink.dir/C_/VSARM/sdk/pico/pico-sdk/src/common/pico_time/time.c.obj
                0x10000e54                alarm_pool_add_alarm_at
 .text.alarm_pool_cancel_alarm
                0x10000e90       0x78 CMakeFiles/blink.dir/C_/VSARM/sdk/pico/pico-sdk/src/common/pico_time/time.c.obj
                0x10000e90                alarm_pool_cancel_alarm
 .text.alarm_pool_core_num
                0x10000f08        0x4 CMakeFiles/blink.dir/C_/VSARM/sdk/pico/pico-sdk/src/common/pico_time/time.c.obj
                0x10000f08                alarm_pool_core_num
 .text.sleep_until
                0x10000f0c       0xc8 CMakeFiles/blink.dir/C_/VSARM/sdk/pico/pico-sdk/src/common/pico_time/time.c.obj
                0x10000f0c                sleep_until
 .text.sleep_us
                0x10000fd4       0x24 CMakeFiles/blink.dir/C_/VSARM/sdk/pico/pico-sdk/src/common/pico_time/time.c.obj
                0x10000fd4                sleep_us
 .text.sleep_ms
                0x10000ff8       0x14 CMakeFiles/blink.dir/C_/VSARM/sdk/pico/pico-sdk/src/common/pico_time/time.c.obj
                0x10000ff8                sleep_ms
 .text.best_effort_wfe_or_timeout
                0x1000100c       0xd8 CMakeFiles/blink.dir/C_/VSARM/sdk/pico/pico-sdk/src/common/pico_time/time.c.obj
                0x1000100c                best_effort_wfe_or_timeout
 .text.alarm_pool_get_default_timer
                0x100010e4        0x8 CMakeFiles/blink.dir/C_/VSARM/sdk/pico/pico-sdk/src/common/pico_time/time.c.obj
                0x100010e4                alarm_pool_get_default_timer
 .text.runtime_init_default_alarm_pool
                0x100010ec       0x38 CMakeFiles/blink.dir/C_/VSARM/sdk/pico/pico-sdk/src/common/pico_time/time.c.obj
                0x100010ec                runtime_init_default_alarm_pool
 .text.timer_hardware_alarm_claim
                0x10001124       0x14 CMakeFiles/blink.dir/C_/VSARM/sdk/pico/pico-sdk/src/rp2_common/hardware_timer/timer.c.obj
                0x10001124                timer_hardware_alarm_claim
 .text.timer_time_us_64
                0x10001138       0x10 CMakeFiles/blink.dir/C_/VSARM/sdk/pico/pico-sdk/src/rp2_common/hardware_timer/timer.c.obj
                0x10001138                timer_time_us_64
 .text.timer_busy_wait_until
                0x10001148       0x1a CMakeFiles/blink.dir/C_/VSARM/sdk/pico/pico-sdk/src/rp2_common/hardware_timer/timer.c.obj
                0x10001148                timer_busy_wait_until
 *fill*         0x10001162        0x2 
 .text.time_us_64
                0x10001164       0x10 CMakeFiles/blink.dir/C_/VSARM/sdk/pico/pico-sdk/src/rp2_common/hardware_timer/timer.c.obj
                0x10001164                time_us_64
 .text.busy_wait_until
                0x10001174       0x14 CMakeFiles/blink.dir/C_/VSARM/sdk/pico/pico-sdk/src/rp2_common/hardware_timer/timer.c.obj
                0x10001174                busy_wait_until
 .text.set_raw_irq_handler_and_unlock
                0x10001188       0x28 CMakeFiles/blink.dir/C_/VSARM/sdk/pico/pico-sdk/src/rp2_common/hardware_irq/irq.c.obj
 .text.nvic_ipr0
                0x100011b0        0x8 CMakeFiles/blink.dir/C_/VSARM/sdk/pico/pico-sdk/src/rp2_common/hardware_irq/irq.c.obj
 .text.runtime_init_per_core_irq_priorities
                0x100011b8       0x1c CMakeFiles/blink.dir/C_/VSARM/sdk/pico/pico-sdk/src/rp2_common/hardware_irq/irq.c.obj
                0x100011b8                runtime_init_per_core_irq_priorities
 .text.make_j_16
                0x100011d4       0x4c CMakeFiles/blink.dir/C_/VSARM/sdk/pico/pico-sdk/src/rp2_common/hardware_irq/irq.c.obj
 .text.irq_is_enabled
                0x10001220       0x18 CMakeFiles/blink.dir/C_/VSARM/sdk/pico/pico-sdk/src/rp2_common/hardware_irq/irq.c.obj
                0x10001220                irq_is_enabled
 .text.irq_set_mask_n_enabled
                0x10001238       0x1c CMakeFiles/blink.dir/C_/VSARM/sdk/pico/pico-sdk/src/rp2_common/hardware_irq/irq.c.obj
                0x10001238                irq_set_mask_n_enabled
 .text.irq_set_enabled
                0x10001254       0x14 CMakeFiles/blink.dir/C_/VSARM/sdk/pico/pico-sdk/src/rp2_common/hardware_irq/irq.c.obj
                0x10001254                irq_set_enabled
 .text.irq_set_pending
                0x10001268       0x10 CMakeFiles/blink.dir/C_/VSARM/sdk/pico/pico-sdk/src/rp2_common/hardware_irq/irq.c.obj
                0x10001268                irq_set_pending
 .text.irq_get_vtable_handler
                0x10001278       0x10 CMakeFiles/blink.dir/C_/VSARM/sdk/pico/pico-sdk/src/rp2_common/hardware_irq/irq.c.obj
                0x10001278                irq_get_vtable_handler
 .text.irq_has_shared_handler
                0x10001288       0x24 CMakeFiles/blink.dir/C_/VSARM/sdk/pico/pico-sdk/src/rp2_common/hardware_irq/irq.c.obj
                0x10001288                irq_has_shared_handler
 .text.irq_set_exclusive_handler
                0x100012ac       0x54 CMakeFiles/blink.dir/C_/VSARM/sdk/pico/pico-sdk/src/rp2_common/hardware_irq/irq.c.obj
                0x100012ac                irq_set_exclusive_handler
 .text.irq_add_shared_handler
                0x10001300      0x238 CMakeFiles/blink.dir/C_/VSARM/sdk/pico/pico-sdk/src/rp2_common/hardware_irq/irq.c.obj
                0x10001300                irq_add_shared_handler
 .text.irq_add_tail_to_free_list
                0x10001538       0xf4 CMakeFiles/blink.dir/C_/VSARM/sdk/pico/pico-sdk/src/rp2_common/hardware_irq/irq.c.obj
                0x10001538                irq_add_tail_to_free_list
 .text.user_irq_claim_unused
                0x1000162c       0x28 CMakeFiles/blink.dir/C_/VSARM/sdk/pico/pico-sdk/src/rp2_common/hardware_irq/irq.c.obj
                0x1000162c                user_irq_claim_unused
 .text.lock_init
                0x10001654       0x10 CMakeFiles/blink.dir/C_/VSARM/sdk/pico/pico-sdk/src/common/pico_sync/lock_core.c.obj
                0x10001654                lock_init
 .text.mutex_init
                0x10001664       0x1a CMakeFiles/blink.dir/C_/VSARM/sdk/pico/pico-sdk/src/common/pico_sync/mutex.c.obj
                0x10001664                mutex_init
 .text.recursive_mutex_init
                0x1000167e       0x1e CMakeFiles/blink.dir/C_/VSARM/sdk/pico/pico-sdk/src/common/pico_sync/mutex.c.obj
                0x1000167e                recursive_mutex_init
 .text.runtime_init_mutex
                0x1000169c       0x4c CMakeFiles/blink.dir/C_/VSARM/sdk/pico/pico-sdk/src/common/pico_sync/mutex.c.obj
                0x1000169c                runtime_init_mutex
 .text.critical_section_init_with_lock_num
                0x100016e8       0x14 CMakeFiles/blink.dir/C_/VSARM/sdk/pico/pico-sdk/src/common/pico_sync/critical_section.c.obj
                0x100016e8                critical_section_init_with_lock_num
 .text.critical_section_init
                0x100016fc       0x14 CMakeFiles/blink.dir/C_/VSARM/sdk/pico/pico-sdk/src/common/pico_sync/critical_section.c.obj
                0x100016fc                critical_section_init
 .text.clock_configure_internal
                0x10001710       0xc4 CMakeFiles/blink.dir/C_/VSARM/sdk/pico/pico-sdk/src/rp2_common/hardware_clocks/clocks.c.obj
 .text.clock_configure_int_divider
                0x100017d4       0x28 CMakeFiles/blink.dir/C_/VSARM/sdk/pico/pico-sdk/src/rp2_common/hardware_clocks/clocks.c.obj
                0x100017d4                clock_configure_int_divider
 .text.clock_configure_undivided
                0x100017fc       0x12 CMakeFiles/blink.dir/C_/VSARM/sdk/pico/pico-sdk/src/rp2_common/hardware_clocks/clocks.c.obj
                0x100017fc                clock_configure_undivided
 *fill*         0x1000180e        0x2 
 .text.clock_get_hz
                0x10001810        0xc CMakeFiles/blink.dir/C_/VSARM/sdk/pico/pico-sdk/src/rp2_common/hardware_clocks/clocks.c.obj
                0x10001810                clock_get_hz
 .text.gpio_set_function
                0x1000181c       0x34 CMakeFiles/blink.dir/C_/VSARM/sdk/pico/pico-sdk/src/rp2_common/hardware_gpio/gpio.c.obj
                0x1000181c                gpio_set_function
 .text.gpio_set_pulls
                0x10001850       0x38 CMakeFiles/blink.dir/C_/VSARM/sdk/pico/pico-sdk/src/rp2_common/hardware_gpio/gpio.c.obj
                0x10001850                gpio_set_pulls
 .text.gpio_init
                0x10001888       0x16 CMakeFiles/blink.dir/C_/VSARM/sdk/pico/pico-sdk/src/rp2_common/hardware_gpio/gpio.c.obj
                0x10001888                gpio_init
 *fill*         0x1000189e        0x2 
 .text.pll_init
                0x100018a0      0x120 CMakeFiles/blink.dir/C_/VSARM/sdk/pico/pico-sdk/src/rp2_common/hardware_pll/pll.c.obj
                0x100018a0                pll_init
 .text.watchdog_update
                0x100019c0       0x14 CMakeFiles/blink.dir/C_/VSARM/sdk/pico/pico-sdk/src/rp2_common/hardware_watchdog/watchdog.c.obj
                0x100019c0                watchdog_update
 .text._watchdog_enable
                0x100019d4       0x7c CMakeFiles/blink.dir/C_/VSARM/sdk/pico/pico-sdk/src/rp2_common/hardware_watchdog/watchdog.c.obj
                0x100019d4                _watchdog_enable
 .text.watchdog_reboot
                0x10001a50       0x48 CMakeFiles/blink.dir/C_/VSARM/sdk/pico/pico-sdk/src/rp2_common/hardware_watchdog/watchdog.c.obj
                0x10001a50                watchdog_reboot
 .text.tick_start
                0x10001a98       0x10 CMakeFiles/blink.dir/C_/VSARM/sdk/pico/pico-sdk/src/rp2_common/hardware_ticks/ticks.c.obj
                0x10001a98                tick_start
 .text.xosc_init
                0x10001aa8       0x28 CMakeFiles/blink.dir/C_/VSARM/sdk/pico/pico-sdk/src/rp2_common/hardware_xosc/xosc.c.obj
                0x10001aa8                xosc_init
 .text.runtime_run_initializers_from
                0x10001ad0       0x18 CMakeFiles/blink.dir/C_/VSARM/sdk/pico/pico-sdk/src/rp2_common/pico_runtime/runtime.c.obj
 .text.first_per_core_initializer
                0x10001ae8        0x2 CMakeFiles/blink.dir/C_/VSARM/sdk/pico/pico-sdk/src/rp2_common/pico_runtime/runtime.c.obj
 *fill*         0x10001aea        0x2 
 .text.runtime_run_initializers
                0x10001aec       0x10 CMakeFiles/blink.dir/C_/VSARM/sdk/pico/pico-sdk/src/rp2_common/pico_runtime/runtime.c.obj
                0x10001aec                runtime_run_initializers
 .text.runtime_init_early_resets
                0x10001afc       0x2c CMakeFiles/blink.dir/C_/VSARM/sdk/pico/pico-sdk/src/rp2_common/pico_runtime_init/runtime_init.c.obj
                0x10001afc                runtime_init_early_resets
 .text.runtime_init_usb_power_down
                0x10001b28       0x1c CMakeFiles/blink.dir/C_/VSARM/sdk/pico/pico-sdk/src/rp2_common/pico_runtime_init/runtime_init.c.obj
                0x10001b28                runtime_init_usb_power_down
 .text.runtime_init_post_clock_resets
                0x10001b44       0x20 CMakeFiles/blink.dir/C_/VSARM/sdk/pico/pico-sdk/src/rp2_common/pico_runtime_init/runtime_init.c.obj
                0x10001b44                runtime_init_post_clock_resets
 .text.runtime_init_rp2040_gpio_ie_disable
                0x10001b64       0x14 CMakeFiles/blink.dir/C_/VSARM/sdk/pico/pico-sdk/src/rp2_common/pico_runtime_init/runtime_init.c.obj
                0x10001b64                runtime_init_rp2040_gpio_ie_disable
 .text.runtime_init_spin_locks_reset
                0x10001b78        0x8 CMakeFiles/blink.dir/C_/VSARM/sdk/pico/pico-sdk/src/rp2_common/pico_runtime_init/runtime_init.c.obj
                0x10001b78                runtime_init_spin_locks_reset
 .text.runtime_init_install_ram_vector_table
                0x10001b80       0x1c CMakeFiles/blink.dir/C_/VSARM/sdk/pico/pico-sdk/src/rp2_common/pico_runtime_init/runtime_init.c.obj
                0x10001b80                runtime_init_install_ram_vector_table
 .text.start_all_ticks
                0x10001b9c       0x28 CMakeFiles/blink.dir/C_/VSARM/sdk/pico/pico-sdk/src/rp2_common/pico_runtime_init/runtime_init_clocks.c.obj
 .text.runtime_init_clocks
                0x10001bc4       0xcc CMakeFiles/blink.dir/C_/VSARM/sdk/pico/pico-sdk/src/rp2_common/pico_runtime_init/runtime_init_clocks.c.obj
                0x10001bc4                runtime_init_clocks
 .text          0x10001c90       0x10 CMakeFiles/blink.dir/C_/VSARM/sdk/pico/pico-sdk/src/rp2_common/pico_bit_ops/bit_ops_aeabi.S.obj
 .text.rom_func_lookup
                0x10001ca0       0x10 CMakeFiles/blink.dir/C_/VSARM/sdk/pico/pico-sdk/src/rp2_common/pico_bootrom/bootrom.c.obj
                0x10001ca0                rom_func_lookup
 .text.rom_data_lookup
                0x10001cb0       0x10 CMakeFiles/blink.dir/C_/VSARM/sdk/pico/pico-sdk/src/rp2_common/pico_bootrom/bootrom.c.obj
                0x10001cb0                rom_data_lookup
 .text.rom_funcs_lookup
                0x10001cc0       0x36 CMakeFiles/blink.dir/C_/VSARM/sdk/pico/pico-sdk/src/rp2_common/pico_bootrom/bootrom.c.obj
                0x10001cc0                rom_funcs_lookup
 *fill*         0x10001cf6        0x2 
 .text.rom_reset_usb_boot
                0x10001cf8       0x18 CMakeFiles/blink.dir/C_/VSARM/sdk/pico/pico-sdk/src/rp2_common/pico_bootrom/bootrom.c.obj
                0x10001cf8                rom_reset_usb_boot
 .text.__wrap___aeabi_idiv
                0x10001d10       0x50 CMakeFiles/blink.dir/C_/VSARM/sdk/pico/pico-sdk/src/rp2_common/pico_divider/divider_hardware.S.obj
                0x10001d10                __wrap___aeabi_idivmod
                0x10001d10                divmod_s32s32
                0x10001d10                div_s32s32
                0x10001d10                __wrap___aeabi_idiv
                0x10001d18                divmod_s32s32_unsafe
                0x10001d44                divmod_s32s32_savestate
 .text.__wrap___aeabi_uidiv
                0x10001d60       0x4c CMakeFiles/blink.dir/C_/VSARM/sdk/pico/pico-sdk/src/rp2_common/pico_divider/divider_hardware.S.obj
                0x10001d60                __wrap___aeabi_uidiv
                0x10001d60                __wrap___aeabi_uidivmod
                0x10001d60                div_u32u32
                0x10001d60                divmod_u32u32
                0x10001d68                divmod_u32u32_unsafe
                0x10001d90                divmod_u32u32_savestate
 .text.__wrap___aeabi_ldiv
                0x10001dac      0x424 CMakeFiles/blink.dir/C_/VSARM/sdk/pico/pico-sdk/src/rp2_common/pico_divider/divider_hardware.S.obj
                0x10001dac                div_s64s64
                0x10001dac                divmod_s64s64
                0x10001dac                __wrap___aeabi_ldivmod
                0x10001ddc                divmod_u64u64
                0x10001ddc                div_u64u64
                0x10001ddc                __wrap___aeabi_uldivmod
                0x10001dec                divmod_u64u64_savestate
                0x10001e0c                divmod_s64s64_unsafe
                0x10001e94                divmod_u64u64_unsafe
 .text.__wrap___aeabi_darithmetic
                0x100021d0       0x80 CMakeFiles/blink.dir/C_/VSARM/sdk/pico/pico-sdk/src/rp2_common/pico_double/double_aeabi_rp2040.S.obj
                0x100021d0                __wrap___aeabi_drsub
                0x100021d6                __wrap___aeabi_dsub
                0x100021e8                __wrap___aeabi_dadd
                0x100021fa                __wrap___aeabi_ddiv
                0x10002236                __wrap___aeabi_dmul
 .text.__wrap___aeabi_cdcmple
                0x10002250       0x6c CMakeFiles/blink.dir/C_/VSARM/sdk/pico/pico-sdk/src/rp2_common/pico_double/double_aeabi_rp2040.S.obj
                0x10002250                __wrap___aeabi_cdrcmple
                0x10002260                __wrap___aeabi_cdcmpeq
                0x10002260                __wrap___aeabi_cdcmple
 .text.__wrap___aeabi_dcmplt
                0x100022bc        0xc CMakeFiles/blink.dir/C_/VSARM/sdk/pico/pico-sdk/src/rp2_common/pico_double/double_aeabi_rp2040.S.obj
                0x100022bc                __wrap___aeabi_dcmplt
 .text.__wrap___aeabi_dcmple
                0x100022c8       0x10 CMakeFiles/blink.dir/C_/VSARM/sdk/pico/pico-sdk/src/rp2_common/pico_double/double_aeabi_rp2040.S.obj
                0x100022c8                __wrap___aeabi_dcmple
 .text.__wrap___aeabi_dcmpge
                0x100022d8       0x10 CMakeFiles/blink.dir/C_/VSARM/sdk/pico/pico-sdk/src/rp2_common/pico_double/double_aeabi_rp2040.S.obj
                0x100022d8                __wrap___aeabi_dcmpge
 .text.__wrap___aeabi_dcmpgt
                0x100022e8        0xa CMakeFiles/blink.dir/C_/VSARM/sdk/pico/pico-sdk/src/rp2_common/pico_double/double_aeabi_rp2040.S.obj
                0x100022e8                __wrap___aeabi_dcmpgt
 .text.__wrap___aeabi_dcmpun
                0x100022f2       0x18 CMakeFiles/blink.dir/C_/VSARM/sdk/pico/pico-sdk/src/rp2_common/pico_double/double_aeabi_rp2040.S.obj
                0x100022f2                __wrap___aeabi_dcmpun
 *fill*         0x1000230a        0x2 
 .text.__wrap___aeabi_i2d
                0x1000230c       0x38 CMakeFiles/blink.dir/C_/VSARM/sdk/pico/pico-sdk/src/rp2_common/pico_double/double_aeabi_rp2040.S.obj
                0x1000230c                __wrap___aeabi_ui2d
                0x10002314                __wrap___aeabi_i2d
 .text.__wrap___aeabi_d2iz
                0x10002344       0x48 CMakeFiles/blink.dir/C_/VSARM/sdk/pico/pico-sdk/src/rp2_common/pico_double/double_aeabi_rp2040.S.obj
                0x10002344                double2int_z
                0x10002344                __wrap___aeabi_d2iz
 .text.__wrap___aeabi_d2uiz
                0x1000238c       0x18 CMakeFiles/blink.dir/C_/VSARM/sdk/pico/pico-sdk/src/rp2_common/pico_double/double_aeabi_rp2040.S.obj
                0x1000238c                __wrap___aeabi_d2uiz
                0x1000238c                double2uint
 .text.__aeabi_double_init
                0x100023a4       0xc8 CMakeFiles/blink.dir/C_/VSARM/sdk/pico/pico-sdk/src/rp2_common/pico_double/double_init_rom_rp2040.c.obj
                0x100023a4                __aeabi_double_init
 .text.double_table_shim_on_use_helper
                0x1000246c       0x34 CMakeFiles/blink.dir/C_/VSARM/sdk/pico/pico-sdk/src/rp2_common/pico_double/double_v1_rom_shim_rp2040.S.obj
                0x1000246c                double_table_shim_on_use_helper
 .text.__wrap___aeabi_dsub
                0x100024a0       0x10 CMakeFiles/blink.dir/C_/VSARM/sdk/pico/pico-sdk/src/rp2_common/pico_double/double_v1_rom_shim_rp2040.S.obj
                0x100024a0                drsub_shim
                0x100024a6                dsub_shim
 .text.dadd_shim
                0x100024b0      0x15c CMakeFiles/blink.dir/C_/VSARM/sdk/pico/pico-sdk/src/rp2_common/pico_double/double_v1_rom_shim_rp2040.S.obj
                0x100024b0                dadd_shim
 .text.dmul_shim
                0x1000260c      0x15c CMakeFiles/blink.dir/C_/VSARM/sdk/pico/pico-sdk/src/rp2_common/pico_double/double_v1_rom_shim_rp2040.S.obj
                0x1000260c                dmul_shim
 .text.ddiv_shim
                0x10002768      0x1b0 CMakeFiles/blink.dir/C_/VSARM/sdk/pico/pico-sdk/src/rp2_common/pico_double/double_v1_rom_shim_rp2040.S.obj
                0x10002768                ddiv_shim
 .text.double2uint_shim
                0x10002918        0xe CMakeFiles/blink.dir/C_/VSARM/sdk/pico/pico-sdk/src/rp2_common/pico_double/double_v1_rom_shim_rp2040.S.obj
                0x10002918                double2uint_shim
                0x1000291a                double2ufix_shim
 *fill*         0x10002926        0x2 
 .text.double2uint64_shim
                0x10002928       0x70 CMakeFiles/blink.dir/C_/VSARM/sdk/pico/pico-sdk/src/rp2_common/pico_double/double_v1_rom_shim_rp2040.S.obj
                0x10002928                double2uint64_shim
                0x1000292a                double2ufix64_shim
                0x1000294a                d2fix_a
 .text.dunpacks
                0x10002998       0x3c CMakeFiles/blink.dir/C_/VSARM/sdk/pico/pico-sdk/src/rp2_common/pico_double/double_v1_rom_shim_rp2040.S.obj
                0x10002998                dunpacks
 .text.__aeabi_lmul
                0x100029d4       0x32 CMakeFiles/blink.dir/C_/VSARM/sdk/pico/pico-sdk/src/rp2_common/pico_int64_ops/pico_int64_ops_aeabi.S.obj
                0x100029d4                __wrap___aeabi_lmul
 *fill*         0x10002a06        0x2 
 .text.__wrap___aeabi_f2d
                0x10002a08       0x14 CMakeFiles/blink.dir/C_/VSARM/sdk/pico/pico-sdk/src/rp2_common/pico_float/float_aeabi_rp2040.S.obj
                0x10002a08                __wrap___aeabi_f2d
 .text.__aeabi_float_init
                0x10002a1c       0xfc CMakeFiles/blink.dir/C_/VSARM/sdk/pico/pico-sdk/src/rp2_common/pico_float/float_init_rom_rp2040.c.obj
                0x10002a1c                __aeabi_float_init
 .text.float_table_shim_on_use_helper
                0x10002b18       0x34 CMakeFiles/blink.dir/C_/VSARM/sdk/pico/pico-sdk/src/rp2_common/pico_float/float_v1_rom_shim_rp2040.S.obj
                0x10002b18                float_table_shim_on_use_helper
 .text.float2double_shim
                0x10002b4c       0x30 CMakeFiles/blink.dir/C_/VSARM/sdk/pico/pico-sdk/src/rp2_common/pico_float/float_v1_rom_shim_rp2040.S.obj
                0x10002b4c                float2double_shim
 .text          0x10002b7c       0x10 CMakeFiles/blink.dir/C_/VSARM/sdk/pico/pico-sdk/src/rp2_common/pico_mem_ops/mem_ops_aeabi.S.obj
                0x10002b7c                __aeabi_mem_init
 .text.memset   0x10002b8c        0xc CMakeFiles/blink.dir/C_/VSARM/sdk/pico/pico-sdk/src/rp2_common/pico_mem_ops/mem_ops_aeabi.S.obj
                0x10002b8c                __wrap_memset
 .text.memcpy   0x10002b98        0xc CMakeFiles/blink.dir/C_/VSARM/sdk/pico/pico-sdk/src/rp2_common/pico_mem_ops/mem_ops_aeabi.S.obj
                0x10002b98                __wrap_memcpy
                0x10002b98                __wrap___aeabi_memcpy
 .text._out_null
                0x10002ba4        0x2 CMakeFiles/blink.dir/C_/VSARM/sdk/pico/pico-sdk/src/rp2_common/pico_printf/printf.c.obj
 .text._out_fct
                0x10002ba6        0xe CMakeFiles/blink.dir/C_/VSARM/sdk/pico/pico-sdk/src/rp2_common/pico_printf/printf.c.obj
 .text._atoi    0x10002bb4       0x24 CMakeFiles/blink.dir/C_/VSARM/sdk/pico/pico-sdk/src/rp2_common/pico_printf/printf.c.obj
 .text._out_rev
                0x10002bd8       0xae CMakeFiles/blink.dir/C_/VSARM/sdk/pico/pico-sdk/src/rp2_common/pico_printf/printf.c.obj
 .text._ntoa_format
                0x10002c86      0x112 CMakeFiles/blink.dir/C_/VSARM/sdk/pico/pico-sdk/src/rp2_common/pico_printf/printf.c.obj
 .text._ntoa_long
                0x10002d98       0xbc CMakeFiles/blink.dir/C_/VSARM/sdk/pico/pico-sdk/src/rp2_common/pico_printf/printf.c.obj
 .text._ntoa_long_long
                0x10002e54       0xe2 CMakeFiles/blink.dir/C_/VSARM/sdk/pico/pico-sdk/src/rp2_common/pico_printf/printf.c.obj
 *fill*         0x10002f36        0x2 
 .text._etoa    0x10002f38      0x414 CMakeFiles/blink.dir/C_/VSARM/sdk/pico/pico-sdk/src/rp2_common/pico_printf/printf.c.obj
 .text._ftoa    0x1000334c      0x354 CMakeFiles/blink.dir/C_/VSARM/sdk/pico/pico-sdk/src/rp2_common/pico_printf/printf.c.obj
 .text._vsnprintf
                0x100036a0      0x624 CMakeFiles/blink.dir/C_/VSARM/sdk/pico/pico-sdk/src/rp2_common/pico_printf/printf.c.obj
 .text.vfctprintf
                0x10003cc4       0x20 CMakeFiles/blink.dir/C_/VSARM/sdk/pico/pico-sdk/src/rp2_common/pico_printf/printf.c.obj
                0x10003cc4                vfctprintf
 .text._exit    0x10003ce4        0x4 CMakeFiles/blink.dir/C_/VSARM/sdk/pico/pico-sdk/src/rp2_common/pico_clib_interface/newlib_interface.c.obj
                0x10003ce4                _exit
 .text.exit     0x10003ce8        0x6 CMakeFiles/blink.dir/C_/VSARM/sdk/pico/pico-sdk/src/rp2_common/pico_clib_interface/newlib_interface.c.obj
                0x10003ce8                exit
 *fill*         0x10003cee        0x2 
 .text.__assert_func
                0x10003cf0       0x3c CMakeFiles/blink.dir/C_/VSARM/sdk/pico/pico-sdk/src/rp2_common/pico_clib_interface/newlib_interface.c.obj
                0x10003cf0                __assert_func
 .text.runtime_init
                0x10003d2c       0x28 CMakeFiles/blink.dir/C_/VSARM/sdk/pico/pico-sdk/src/rp2_common/pico_clib_interface/newlib_interface.c.obj
                0x10003d2c                runtime_init
 .text.stdio_out_chars_no_crlf
                0x10003d54        0xe CMakeFiles/blink.dir/C_/VSARM/sdk/pico/pico-sdk/src/rp2_common/pico_stdio/stdio.c.obj
 *fill*         0x10003d62        0x2 
 .text.stdio_out_chars_crlf
                0x10003d64       0x80 CMakeFiles/blink.dir/C_/VSARM/sdk/pico/pico-sdk/src/rp2_common/pico_stdio/stdio.c.obj
 .text.stdio_stack_buffer_flush
                0x10003de4       0x44 CMakeFiles/blink.dir/C_/VSARM/sdk/pico/pico-sdk/src/rp2_common/pico_stdio/stdio.c.obj
 .text.stdio_buffered_printer
                0x10003e28       0x20 CMakeFiles/blink.dir/C_/VSARM/sdk/pico/pico-sdk/src/rp2_common/pico_stdio/stdio.c.obj
 .text.stdout_serialize_begin
                0x10003e48       0x30 CMakeFiles/blink.dir/C_/VSARM/sdk/pico/pico-sdk/src/rp2_common/pico_stdio/stdio.c.obj
                0x10003e48                stdout_serialize_begin
 .text.stdout_serialize_end
                0x10003e78       0x10 CMakeFiles/blink.dir/C_/VSARM/sdk/pico/pico-sdk/src/rp2_common/pico_stdio/stdio.c.obj
                0x10003e78                stdout_serialize_end
 .text.stdio_put_string
                0x10003e88       0x94 CMakeFiles/blink.dir/C_/VSARM/sdk/pico/pico-sdk/src/rp2_common/pico_stdio/stdio.c.obj
                0x10003e88                stdio_put_string
 .text.stdio_set_driver_enabled
                0x10003f1c       0x2c CMakeFiles/blink.dir/C_/VSARM/sdk/pico/pico-sdk/src/rp2_common/pico_stdio/stdio.c.obj
                0x10003f1c                stdio_set_driver_enabled
 .text.stdio_flush
                0x10003f48       0x20 CMakeFiles/blink.dir/C_/VSARM/sdk/pico/pico-sdk/src/rp2_common/pico_stdio/stdio.c.obj
                0x10003f48                stdio_flush
 .text.stdio_init_all
                0x10003f68        0x8 CMakeFiles/blink.dir/C_/VSARM/sdk/pico/pico-sdk/src/rp2_common/pico_stdio/stdio.c.obj
                0x10003f68                stdio_init_all
 .text.__wrap_puts
                0x10003f70       0x1e CMakeFiles/blink.dir/C_/VSARM/sdk/pico/pico-sdk/src/rp2_common/pico_stdio/stdio.c.obj
                0x10003f70                stdio_puts
                0x10003f70                __wrap_puts
 *fill*         0x10003f8e        0x2 
 .text.__wrap_vprintf
                0x10003f90       0x40 CMakeFiles/blink.dir/C_/VSARM/sdk/pico/pico-sdk/src/rp2_common/pico_stdio/stdio.c.obj
                0x10003f90                stdio_vprintf
                0x10003f90                __wrap_vprintf
 .text.__wrap_printf
                0x10003fd0       0x18 CMakeFiles/blink.dir/C_/VSARM/sdk/pico/pico-sdk/src/rp2_common/pico_stdio/stdio.c.obj
                0x10003fd0                __wrap_printf
                0x10003fd0                stdio_printf
 .text.resetd_init
                0x10003fe8        0x2 CMakeFiles/blink.dir/C_/VSARM/sdk/pico/pico-sdk/src/rp2_common/pico_stdio_usb/reset_interface.c.obj
 *fill*         0x10003fea        0x2 
 .text.resetd_reset
                0x10003fec        0xc CMakeFiles/blink.dir/C_/VSARM/sdk/pico/pico-sdk/src/rp2_common/pico_stdio_usb/reset_interface.c.obj
 .text.resetd_open
                0x10003ff8       0x34 CMakeFiles/blink.dir/C_/VSARM/sdk/pico/pico-sdk/src/rp2_common/pico_stdio_usb/reset_interface.c.obj
 .text.resetd_xfer_cb
                0x1000402c        0x4 CMakeFiles/blink.dir/C_/VSARM/sdk/pico/pico-sdk/src/rp2_common/pico_stdio_usb/reset_interface.c.obj
 .text.resetd_control_xfer_cb
                0x10004030       0x5c CMakeFiles/blink.dir/C_/VSARM/sdk/pico/pico-sdk/src/rp2_common/pico_stdio_usb/reset_interface.c.obj
 .text.tud_descriptor_bos_cb
                0x1000408c        0x8 CMakeFiles/blink.dir/C_/VSARM/sdk/pico/pico-sdk/src/rp2_common/pico_stdio_usb/reset_interface.c.obj
                0x1000408c                tud_descriptor_bos_cb
 .text.tud_vendor_control_xfer_cb
                0x10004094       0x38 CMakeFiles/blink.dir/C_/VSARM/sdk/pico/pico-sdk/src/rp2_common/pico_stdio_usb/reset_interface.c.obj
                0x10004094                tud_vendor_control_xfer_cb
 .text.usbd_app_driver_get_cb
                0x100040cc        0xc CMakeFiles/blink.dir/C_/VSARM/sdk/pico/pico-sdk/src/rp2_common/pico_stdio_usb/reset_interface.c.obj
                0x100040cc                usbd_app_driver_get_cb
 .text.tud_cdc_line_coding_cb
                0x100040d8       0x28 CMakeFiles/blink.dir/C_/VSARM/sdk/pico/pico-sdk/src/rp2_common/pico_stdio_usb/reset_interface.c.obj
                0x100040d8                tud_cdc_line_coding_cb
 .text.stdio_usb_set_chars_available_callback
                0x10004100       0x14 CMakeFiles/blink.dir/C_/VSARM/sdk/pico/pico-sdk/src/rp2_common/pico_stdio_usb/stdio_usb.c.obj
                0x10004100                stdio_usb_set_chars_available_callback
 .text.stdio_usb_out_flush
                0x10004114       0x4c CMakeFiles/blink.dir/C_/VSARM/sdk/pico/pico-sdk/src/rp2_common/pico_stdio_usb/stdio_usb.c.obj
 .text.usb_irq  0x10004160       0x10 CMakeFiles/blink.dir/C_/VSARM/sdk/pico/pico-sdk/src/rp2_common/pico_stdio_usb/stdio_usb.c.obj
 .text.low_priority_worker_irq
                0x10004170       0xd0 CMakeFiles/blink.dir/C_/VSARM/sdk/pico/pico-sdk/src/rp2_common/pico_stdio_usb/stdio_usb.c.obj
 .text.timer_task
                0x10004240       0x6c CMakeFiles/blink.dir/C_/VSARM/sdk/pico/pico-sdk/src/rp2_common/pico_stdio_usb/stdio_usb.c.obj
 .text.stdio_usb_init
                0x100042ac       0xfc CMakeFiles/blink.dir/C_/VSARM/sdk/pico/pico-sdk/src/rp2_common/pico_stdio_usb/stdio_usb.c.obj
                0x100042ac                stdio_usb_init
 .text.stdio_usb_connected
                0x100043a8        0xa CMakeFiles/blink.dir/C_/VSARM/sdk/pico/pico-sdk/src/rp2_common/pico_stdio_usb/stdio_usb.c.obj
                0x100043a8                stdio_usb_connected
 *fill*         0x100043b2        0x2 
 .text.stdio_usb_in_chars
                0x100043b4       0x98 CMakeFiles/blink.dir/C_/VSARM/sdk/pico/pico-sdk/src/rp2_common/pico_stdio_usb/stdio_usb.c.obj
                0x100043b4                stdio_usb_in_chars
 .text.stdio_usb_out_chars
                0x1000444c       0xe8 CMakeFiles/blink.dir/C_/VSARM/sdk/pico/pico-sdk/src/rp2_common/pico_stdio_usb/stdio_usb.c.obj
 .text.tud_descriptor_device_cb
                0x10004534        0x8 CMakeFiles/blink.dir/C_/VSARM/sdk/pico/pico-sdk/src/rp2_common/pico_stdio_usb/stdio_usb_descriptors.c.obj
                0x10004534                tud_descriptor_device_cb
 .text.tud_descriptor_configuration_cb
                0x1000453c        0x8 CMakeFiles/blink.dir/C_/VSARM/sdk/pico/pico-sdk/src/rp2_common/pico_stdio_usb/stdio_usb_descriptors.c.obj
                0x1000453c                tud_descriptor_configuration_cb
 .text.tud_descriptor_string_cb
                0x10004544       0x6c CMakeFiles/blink.dir/C_/VSARM/sdk/pico/pico-sdk/src/rp2_common/pico_stdio_usb/stdio_usb_descriptors.c.obj
                0x10004544                tud_descriptor_string_cb
 .text._retrieve_unique_id_on_boot
                0x100045b0       0x10 CMakeFiles/blink.dir/C_/VSARM/sdk/pico/pico-sdk/src/rp2_common/pico_unique_id/unique_id.c.obj
 .text.pico_get_unique_board_id_string
                0x100045c0       0x60 CMakeFiles/blink.dir/C_/VSARM/sdk/pico/pico-sdk/src/rp2_common/pico_unique_id/unique_id.c.obj
                0x100045c0                pico_get_unique_board_id_string
 .text.flash_get_unique_id
                0x10004620       0x46 CMakeFiles/blink.dir/C_/VSARM/sdk/pico/pico-sdk/src/rp2_common/hardware_flash/flash.c.obj
                0x10004620                flash_get_unique_id
 *fill*         0x10004666        0x2 
 .text._hw_endpoint_alloc
                0x10004668       0x70 CMakeFiles/blink.dir/C_/VSARM/sdk/pico/pico-sdk/lib/tinyusb/src/portable/raspberrypi/rp2040/dcd_rp2040.c.obj
 .text.hw_endpoint_init
                0x100046d8       0xc4 CMakeFiles/blink.dir/C_/VSARM/sdk/pico/pico-sdk/lib/tinyusb/src/portable/raspberrypi/rp2040/dcd_rp2040.c.obj
 .text.hw_endpoint_xfer
                0x1000479c       0x20 CMakeFiles/blink.dir/C_/VSARM/sdk/pico/pico-sdk/lib/tinyusb/src/portable/raspberrypi/rp2040/dcd_rp2040.c.obj
 .text.dcd_int_enable
                0x100047bc       0x2c CMakeFiles/blink.dir/C_/VSARM/sdk/pico/pico-sdk/lib/tinyusb/src/portable/raspberrypi/rp2040/dcd_rp2040.c.obj
                0x100047bc                dcd_int_enable
 .text.dcd_set_address
                0x100047e8       0x2c CMakeFiles/blink.dir/C_/VSARM/sdk/pico/pico-sdk/lib/tinyusb/src/portable/raspberrypi/rp2040/dcd_rp2040.c.obj
                0x100047e8                dcd_set_address
 .text.dcd_connect
                0x10004814       0x10 CMakeFiles/blink.dir/C_/VSARM/sdk/pico/pico-sdk/lib/tinyusb/src/portable/raspberrypi/rp2040/dcd_rp2040.c.obj
                0x10004814                dcd_connect
 .text.dcd_init
                0x10004824       0x80 CMakeFiles/blink.dir/C_/VSARM/sdk/pico/pico-sdk/lib/tinyusb/src/portable/raspberrypi/rp2040/dcd_rp2040.c.obj
                0x10004824                dcd_init
 .text.dcd_sof_enable
                0x100048a4       0x1c CMakeFiles/blink.dir/C_/VSARM/sdk/pico/pico-sdk/lib/tinyusb/src/portable/raspberrypi/rp2040/dcd_rp2040.c.obj
                0x100048a4                dcd_sof_enable
 .text.dcd_edpt0_status_complete
                0x100048c0       0x1c CMakeFiles/blink.dir/C_/VSARM/sdk/pico/pico-sdk/lib/tinyusb/src/portable/raspberrypi/rp2040/dcd_rp2040.c.obj
                0x100048c0                dcd_edpt0_status_complete
 .text.dcd_edpt_open
                0x100048dc       0x40 CMakeFiles/blink.dir/C_/VSARM/sdk/pico/pico-sdk/lib/tinyusb/src/portable/raspberrypi/rp2040/dcd_rp2040.c.obj
                0x100048dc                dcd_edpt_open
 .text.dcd_edpt_close_all
                0x1000491c        0x8 CMakeFiles/blink.dir/C_/VSARM/sdk/pico/pico-sdk/lib/tinyusb/src/portable/raspberrypi/rp2040/dcd_rp2040.c.obj
                0x1000491c                dcd_edpt_close_all
 .text.dcd_edpt_xfer
                0x10004924       0x30 CMakeFiles/blink.dir/C_/VSARM/sdk/pico/pico-sdk/lib/tinyusb/src/portable/raspberrypi/rp2040/dcd_rp2040.c.obj
                0x10004924                dcd_edpt_xfer
 .text.dcd_edpt_stall
                0x10004954       0x3c CMakeFiles/blink.dir/C_/VSARM/sdk/pico/pico-sdk/lib/tinyusb/src/portable/raspberrypi/rp2040/dcd_rp2040.c.obj
                0x10004954                dcd_edpt_stall
 .text.dcd_edpt_clear_stall
                0x10004990       0x30 CMakeFiles/blink.dir/C_/VSARM/sdk/pico/pico-sdk/lib/tinyusb/src/portable/raspberrypi/rp2040/dcd_rp2040.c.obj
                0x10004990                dcd_edpt_clear_stall
 .text.unaligned_memcpy
                0x100049c0       0x14 CMakeFiles/blink.dir/C_/VSARM/sdk/pico/pico-sdk/lib/tinyusb/src/portable/raspberrypi/rp2040/rp2040_usb.c.obj
 .text.rp2040_usb_init
                0x100049d4       0x44 CMakeFiles/blink.dir/C_/VSARM/sdk/pico/pico-sdk/lib/tinyusb/src/portable/raspberrypi/rp2040/rp2040_usb.c.obj
                0x100049d4                rp2040_usb_init
 .text.hw_endpoint_xfer_start
                0x10004a18       0x60 CMakeFiles/blink.dir/C_/VSARM/sdk/pico/pico-sdk/lib/tinyusb/src/portable/raspberrypi/rp2040/rp2040_usb.c.obj
                0x10004a18                hw_endpoint_xfer_start
 .text.configuration_reset
                0x10004a78       0x84 CMakeFiles/blink.dir/C_/VSARM/sdk/pico/pico-sdk/lib/tinyusb/src/device/usbd.c.obj
 .text.usbd_reset
                0x10004afc        0xc CMakeFiles/blink.dir/C_/VSARM/sdk/pico/pico-sdk/lib/tinyusb/src/device/usbd.c.obj
 .text.invoke_class_control
                0x10004b08       0x1a CMakeFiles/blink.dir/C_/VSARM/sdk/pico/pico-sdk/lib/tinyusb/src/device/usbd.c.obj
 *fill*         0x10004b22        0x2 
 .text.process_set_config
                0x10004b24      0x19c CMakeFiles/blink.dir/C_/VSARM/sdk/pico/pico-sdk/lib/tinyusb/src/device/usbd.c.obj
 .text.tud_event_hook_cb
                0x10004cc0        0x2 CMakeFiles/blink.dir/C_/VSARM/sdk/pico/pico-sdk/lib/tinyusb/src/device/usbd.c.obj
                0x10004cc0                tud_event_hook_cb
 .text.tud_sof_cb
                0x10004cc2        0x2 CMakeFiles/blink.dir/C_/VSARM/sdk/pico/pico-sdk/lib/tinyusb/src/device/usbd.c.obj
                0x10004cc2                tud_sof_cb
 .text.tud_descriptor_device_qualifier_cb
                0x10004cc4        0x4 CMakeFiles/blink.dir/C_/VSARM/sdk/pico/pico-sdk/lib/tinyusb/src/device/usbd.c.obj
                0x10004cc4                tud_descriptor_device_qualifier_cb
 .text.tud_descriptor_other_speed_configuration_cb
                0x10004cc8        0x4 CMakeFiles/blink.dir/C_/VSARM/sdk/pico/pico-sdk/lib/tinyusb/src/device/usbd.c.obj
                0x10004cc8                tud_descriptor_other_speed_configuration_cb
 .text.process_get_descriptor
                0x10004ccc       0xe0 CMakeFiles/blink.dir/C_/VSARM/sdk/pico/pico-sdk/lib/tinyusb/src/device/usbd.c.obj
 .text.tud_mount_cb
                0x10004dac        0x2 CMakeFiles/blink.dir/C_/VSARM/sdk/pico/pico-sdk/lib/tinyusb/src/device/usbd.c.obj
                0x10004dac                tud_mount_cb
 .text.tud_umount_cb
                0x10004dae        0x2 CMakeFiles/blink.dir/C_/VSARM/sdk/pico/pico-sdk/lib/tinyusb/src/device/usbd.c.obj
                0x10004dae                tud_umount_cb
 .text.tud_suspend_cb
                0x10004db0        0x2 CMakeFiles/blink.dir/C_/VSARM/sdk/pico/pico-sdk/lib/tinyusb/src/device/usbd.c.obj
                0x10004db0                tud_suspend_cb
 .text.tud_resume_cb
                0x10004db2        0x2 CMakeFiles/blink.dir/C_/VSARM/sdk/pico/pico-sdk/lib/tinyusb/src/device/usbd.c.obj
                0x10004db2                tud_resume_cb
 .text.tud_mounted
                0x10004db4       0x10 CMakeFiles/blink.dir/C_/VSARM/sdk/pico/pico-sdk/lib/tinyusb/src/device/usbd.c.obj
                0x10004db4                tud_mounted
 .text.tud_suspended
                0x10004dc4       0x10 CMakeFiles/blink.dir/C_/VSARM/sdk/pico/pico-sdk/lib/tinyusb/src/device/usbd.c.obj
                0x10004dc4                tud_suspended
 .text.tud_inited
                0x10004dd4       0x14 CMakeFiles/blink.dir/C_/VSARM/sdk/pico/pico-sdk/lib/tinyusb/src/device/usbd.c.obj
                0x10004dd4                tud_inited
 .text.tud_init
                0x10004de8       0xdc CMakeFiles/blink.dir/C_/VSARM/sdk/pico/pico-sdk/lib/tinyusb/src/device/usbd.c.obj
                0x10004de8                tud_init
 .text.usbd_edpt_open
                0x10004ec4       0x60 CMakeFiles/blink.dir/C_/VSARM/sdk/pico/pico-sdk/lib/tinyusb/src/device/usbd.c.obj
                0x10004ec4                usbd_edpt_open
 .text.usbd_open_edpt_pair
                0x10004f24       0x8c CMakeFiles/blink.dir/C_/VSARM/sdk/pico/pico-sdk/lib/tinyusb/src/device/usbd.c.obj
                0x10004f24                usbd_open_edpt_pair
 .text.usbd_edpt_claim
                0x10004fb0       0x28 CMakeFiles/blink.dir/C_/VSARM/sdk/pico/pico-sdk/lib/tinyusb/src/device/usbd.c.obj
                0x10004fb0                usbd_edpt_claim
 .text.usbd_edpt_release
                0x10004fd8       0x28 CMakeFiles/blink.dir/C_/VSARM/sdk/pico/pico-sdk/lib/tinyusb/src/device/usbd.c.obj
                0x10004fd8                usbd_edpt_release
 .text.usbd_edpt_xfer
                0x10005000       0x88 CMakeFiles/blink.dir/C_/VSARM/sdk/pico/pico-sdk/lib/tinyusb/src/device/usbd.c.obj
                0x10005000                usbd_edpt_xfer
 .text.usbd_edpt_stall
                0x10005088       0x34 CMakeFiles/blink.dir/C_/VSARM/sdk/pico/pico-sdk/lib/tinyusb/src/device/usbd.c.obj
                0x10005088                usbd_edpt_stall
 .text.usbd_edpt_clear_stall
                0x100050bc       0x34 CMakeFiles/blink.dir/C_/VSARM/sdk/pico/pico-sdk/lib/tinyusb/src/device/usbd.c.obj
                0x100050bc                usbd_edpt_clear_stall
 .text.usbd_edpt_stalled
                0x100050f0       0x1c CMakeFiles/blink.dir/C_/VSARM/sdk/pico/pico-sdk/lib/tinyusb/src/device/usbd.c.obj
                0x100050f0                usbd_edpt_stalled
 .text.process_control_request
                0x1000510c      0x394 CMakeFiles/blink.dir/C_/VSARM/sdk/pico/pico-sdk/lib/tinyusb/src/device/usbd.c.obj
 .text.tud_task_ext
                0x100054a0      0x1d8 CMakeFiles/blink.dir/C_/VSARM/sdk/pico/pico-sdk/lib/tinyusb/src/device/usbd.c.obj
                0x100054a0                tud_task_ext
 .text._data_stage_xact
                0x10005678       0x60 CMakeFiles/blink.dir/C_/VSARM/sdk/pico/pico-sdk/lib/tinyusb/src/device/usbd_control.c.obj
 .text.tud_control_status
                0x100056d8       0x38 CMakeFiles/blink.dir/C_/VSARM/sdk/pico/pico-sdk/lib/tinyusb/src/device/usbd_control.c.obj
                0x100056d8                tud_control_status
 .text.tud_control_xfer
                0x10005710       0xa8 CMakeFiles/blink.dir/C_/VSARM/sdk/pico/pico-sdk/lib/tinyusb/src/device/usbd_control.c.obj
                0x10005710                tud_control_xfer
 .text.usbd_control_reset
                0x100057b8       0x14 CMakeFiles/blink.dir/C_/VSARM/sdk/pico/pico-sdk/lib/tinyusb/src/device/usbd_control.c.obj
                0x100057b8                usbd_control_reset
 .text.usbd_control_set_complete_callback
                0x100057cc        0xc CMakeFiles/blink.dir/C_/VSARM/sdk/pico/pico-sdk/lib/tinyusb/src/device/usbd_control.c.obj
                0x100057cc                usbd_control_set_complete_callback
 .text.usbd_control_set_request
                0x100057d8       0x1c CMakeFiles/blink.dir/C_/VSARM/sdk/pico/pico-sdk/lib/tinyusb/src/device/usbd_control.c.obj
                0x100057d8                usbd_control_set_request
 .text.usbd_control_xfer_cb
                0x100057f4       0xf4 CMakeFiles/blink.dir/C_/VSARM/sdk/pico/pico-sdk/lib/tinyusb/src/device/usbd_control.c.obj
                0x100057f4                usbd_control_xfer_cb
 .text._prep_out_transaction
                0x100058e8       0x72 CMakeFiles/blink.dir/C_/VSARM/sdk/pico/pico-sdk/lib/tinyusb/src/class/cdc/cdc_device.c.obj
 *fill*         0x1000595a        0x2 
 .text.tud_cdc_n_connected
                0x1000595c       0x44 CMakeFiles/blink.dir/C_/VSARM/sdk/pico/pico-sdk/lib/tinyusb/src/class/cdc/cdc_device.c.obj
                0x1000595c                tud_cdc_n_connected
 .text.tud_cdc_n_available
                0x100059a0       0x18 CMakeFiles/blink.dir/C_/VSARM/sdk/pico/pico-sdk/lib/tinyusb/src/class/cdc/cdc_device.c.obj
                0x100059a0                tud_cdc_n_available
 .text.tud_cdc_n_read
                0x100059b8       0x38 CMakeFiles/blink.dir/C_/VSARM/sdk/pico/pico-sdk/lib/tinyusb/src/class/cdc/cdc_device.c.obj
                0x100059b8                tud_cdc_n_read
 .text.tud_cdc_n_write_flush
                0x100059f0       0xcc CMakeFiles/blink.dir/C_/VSARM/sdk/pico/pico-sdk/lib/tinyusb/src/class/cdc/cdc_device.c.obj
                0x100059f0                tud_cdc_n_write_flush
 .text.tud_cdc_n_write
                0x10005abc       0x48 CMakeFiles/blink.dir/C_/VSARM/sdk/pico/pico-sdk/lib/tinyusb/src/class/cdc/cdc_device.c.obj
                0x10005abc                tud_cdc_n_write
 .text.tud_cdc_n_write_available
                0x10005b04       0x1c CMakeFiles/blink.dir/C_/VSARM/sdk/pico/pico-sdk/lib/tinyusb/src/class/cdc/cdc_device.c.obj
                0x10005b04                tud_cdc_n_write_available
 .text.cdcd_init
                0x10005b20       0xc0 CMakeFiles/blink.dir/C_/VSARM/sdk/pico/pico-sdk/lib/tinyusb/src/class/cdc/cdc_device.c.obj
                0x10005b20                cdcd_init
 .text.cdcd_deinit
                0x10005be0       0x50 CMakeFiles/blink.dir/C_/VSARM/sdk/pico/pico-sdk/lib/tinyusb/src/class/cdc/cdc_device.c.obj
                0x10005be0                cdcd_deinit
 .text.cdcd_reset
                0x10005c30       0x78 CMakeFiles/blink.dir/C_/VSARM/sdk/pico/pico-sdk/lib/tinyusb/src/class/cdc/cdc_device.c.obj
                0x10005c30                cdcd_reset
 .text.cdcd_open
                0x10005ca8       0xf8 CMakeFiles/blink.dir/C_/VSARM/sdk/pico/pico-sdk/lib/tinyusb/src/class/cdc/cdc_device.c.obj
                0x10005ca8                cdcd_open
 .text.cdcd_control_xfer_cb
                0x10005da0      0x138 CMakeFiles/blink.dir/C_/VSARM/sdk/pico/pico-sdk/lib/tinyusb/src/class/cdc/cdc_device.c.obj
                0x10005da0                cdcd_control_xfer_cb
 .text.cdcd_xfer_cb
                0x10005ed8      0x144 CMakeFiles/blink.dir/C_/VSARM/sdk/pico/pico-sdk/lib/tinyusb/src/class/cdc/cdc_device.c.obj
                0x10005ed8                cdcd_xfer_cb
 .text._prep_out_transaction
                0x1000601c       0x3a CMakeFiles/blink.dir/C_/VSARM/sdk/pico/pico-sdk/lib/tinyusb/src/class/vendor/vendor_device.c.obj
 *fill*         0x10006056        0x2 
 .text.tud_vendor_n_write_flush
                0x10006058       0xcc CMakeFiles/blink.dir/C_/VSARM/sdk/pico/pico-sdk/lib/tinyusb/src/class/vendor/vendor_device.c.obj
                0x10006058                tud_vendor_n_write_flush
 .text.vendord_init
                0x10006124       0xa0 CMakeFiles/blink.dir/C_/VSARM/sdk/pico/pico-sdk/lib/tinyusb/src/class/vendor/vendor_device.c.obj
                0x10006124                vendord_init
 .text.vendord_deinit
                0x100061c4       0x50 CMakeFiles/blink.dir/C_/VSARM/sdk/pico/pico-sdk/lib/tinyusb/src/class/vendor/vendor_device.c.obj
                0x100061c4                vendord_deinit
 .text.vendord_reset
                0x10006214       0x38 CMakeFiles/blink.dir/C_/VSARM/sdk/pico/pico-sdk/lib/tinyusb/src/class/vendor/vendor_device.c.obj
                0x10006214                vendord_reset
 .text.vendord_open
                0x1000624c       0xd8 CMakeFiles/blink.dir/C_/VSARM/sdk/pico/pico-sdk/lib/tinyusb/src/class/vendor/vendor_device.c.obj
                0x1000624c                vendord_open
 .text.vendord_xfer_cb
                0x10006324       0xc8 CMakeFiles/blink.dir/C_/VSARM/sdk/pico/pico-sdk/lib/tinyusb/src/class/vendor/vendor_device.c.obj
                0x10006324                vendord_xfer_cb
 .text.tusb_init
                0x100063ec       0x24 CMakeFiles/blink.dir/C_/VSARM/sdk/pico/pico-sdk/lib/tinyusb/src/tusb.c.obj
                0x100063ec                tusb_init
 .text.tu_edpt_claim
                0x10006410       0x50 CMakeFiles/blink.dir/C_/VSARM/sdk/pico/pico-sdk/lib/tinyusb/src/tusb.c.obj
                0x10006410                tu_edpt_claim
 .text.tu_edpt_release
                0x10006460       0x3c CMakeFiles/blink.dir/C_/VSARM/sdk/pico/pico-sdk/lib/tinyusb/src/tusb.c.obj
                0x10006460                tu_edpt_release
 .text.tu_edpt_validate
                0x1000649c       0xac CMakeFiles/blink.dir/C_/VSARM/sdk/pico/pico-sdk/lib/tinyusb/src/tusb.c.obj
                0x1000649c                tu_edpt_validate
 .text.tu_edpt_bind_driver
                0x10006548       0x26 CMakeFiles/blink.dir/C_/VSARM/sdk/pico/pico-sdk/lib/tinyusb/src/tusb.c.obj
                0x10006548                tu_edpt_bind_driver
 .text.advance_index
                0x1000656e       0x1a CMakeFiles/blink.dir/C_/VSARM/sdk/pico/pico-sdk/lib/tinyusb/src/common/tusb_fifo.c.obj
 .text._tu_fifo_peek
                0x10006588       0x56 CMakeFiles/blink.dir/C_/VSARM/sdk/pico/pico-sdk/lib/tinyusb/src/common/tusb_fifo.c.obj
 .text._ff_pull_n
                0x100065de       0x68 CMakeFiles/blink.dir/C_/VSARM/sdk/pico/pico-sdk/lib/tinyusb/src/common/tusb_fifo.c.obj
 .text._tu_fifo_peek_n
                0x10006646       0x6a CMakeFiles/blink.dir/C_/VSARM/sdk/pico/pico-sdk/lib/tinyusb/src/common/tusb_fifo.c.obj
 .text._tu_fifo_read_n
                0x100066b0       0x4e CMakeFiles/blink.dir/C_/VSARM/sdk/pico/pico-sdk/lib/tinyusb/src/common/tusb_fifo.c.obj
 .text._ff_push_n
                0x100066fe       0x68 CMakeFiles/blink.dir/C_/VSARM/sdk/pico/pico-sdk/lib/tinyusb/src/common/tusb_fifo.c.obj
 .text._tu_fifo_write_n
                0x10006766       0xf0 CMakeFiles/blink.dir/C_/VSARM/sdk/pico/pico-sdk/lib/tinyusb/src/common/tusb_fifo.c.obj
 .text.tu_fifo_config
                0x10006856       0x7c CMakeFiles/blink.dir/C_/VSARM/sdk/pico/pico-sdk/lib/tinyusb/src/common/tusb_fifo.c.obj
                0x10006856                tu_fifo_config
 .text.tu_fifo_count
                0x100068d2       0x2a CMakeFiles/blink.dir/C_/VSARM/sdk/pico/pico-sdk/lib/tinyusb/src/common/tusb_fifo.c.obj
                0x100068d2                tu_fifo_count
 .text.tu_fifo_empty
                0x100068fc       0x10 CMakeFiles/blink.dir/C_/VSARM/sdk/pico/pico-sdk/lib/tinyusb/src/common/tusb_fifo.c.obj
                0x100068fc                tu_fifo_empty
 .text.tu_fifo_full
                0x1000690c       0x28 CMakeFiles/blink.dir/C_/VSARM/sdk/pico/pico-sdk/lib/tinyusb/src/common/tusb_fifo.c.obj
                0x1000690c                tu_fifo_full
 .text.tu_fifo_remaining
                0x10006934       0x2c CMakeFiles/blink.dir/C_/VSARM/sdk/pico/pico-sdk/lib/tinyusb/src/common/tusb_fifo.c.obj
                0x10006934                tu_fifo_remaining
 .text.tu_fifo_read
                0x10006960       0x42 CMakeFiles/blink.dir/C_/VSARM/sdk/pico/pico-sdk/lib/tinyusb/src/common/tusb_fifo.c.obj
                0x10006960                tu_fifo_read
 .text.tu_fifo_read_n
                0x100069a2        0xa CMakeFiles/blink.dir/C_/VSARM/sdk/pico/pico-sdk/lib/tinyusb/src/common/tusb_fifo.c.obj
                0x100069a2                tu_fifo_read_n
 .text.tu_fifo_write
                0x100069ac       0x64 CMakeFiles/blink.dir/C_/VSARM/sdk/pico/pico-sdk/lib/tinyusb/src/common/tusb_fifo.c.obj
                0x100069ac                tu_fifo_write
 .text.tu_fifo_write_n
                0x10006a10        0xa CMakeFiles/blink.dir/C_/VSARM/sdk/pico/pico-sdk/lib/tinyusb/src/common/tusb_fifo.c.obj
                0x10006a10                tu_fifo_write_n
 .text.tu_fifo_clear
                0x10006a1a       0x3e CMakeFiles/blink.dir/C_/VSARM/sdk/pico/pico-sdk/lib/tinyusb/src/common/tusb_fifo.c.obj
                0x10006a1a                tu_fifo_clear
 .text.tu_fifo_set_overwritable
                0x10006a58       0x46 CMakeFiles/blink.dir/C_/VSARM/sdk/pico/pico-sdk/lib/tinyusb/src/common/tusb_fifo.c.obj
                0x10006a58                tu_fifo_set_overwritable
 *fill*         0x10006a9e        0x2 
 .text.strlen   0x10006aa0       0x5c c:/vsarm/armcc/10 2021.10/bin/../lib/gcc/arm-none-eabi/10.3.1/../../../../arm-none-eabi/lib/thumb/v6-m/nofp\libg.a(lib_a-strlen-stub.o)
                0x10006aa0                strlen
 *(.fini)
 .fini          0x10006afc        0x4 c:/vsarm/armcc/10 2021.10/bin/../lib/gcc/arm-none-eabi/10.3.1/thumb/v6-m/nofp/crti.o
                0x10006afc                _fini
 .fini.__stub   0x10006b00       0xd0 linker stubs
 *crtbegin.o(.ctors)
 *crtbegin?.o(.ctors)
 *(EXCLUDE_FILE(*crtend.o *crtend?.o) .ctors)
 *(SORT_BY_NAME(.ctors.*))
 *(.ctors)
 *crtbegin.o(.dtors)
 *crtbegin?.o(.dtors)
 *(EXCLUDE_FILE(*crtend.o *crtend?.o) .dtors)
 *(SORT_BY_NAME(.dtors.*))
 *(.dtors)
                0x10006bd0                . = ALIGN (0x4)
                0x10006bd0                PROVIDE (__preinit_array_start = .)
 *(SORT_BY_NAME(.preinit_array.*))
 .preinit_array.00100
                0x10006bd0        0x4 CMakeFiles/blink.dir/C_/VSARM/sdk/pico/pico-sdk/src/rp2_common/pico_runtime_init/runtime_init.c.obj
                0x10006bd0                __pre_init_runtime_init_early_resets
 .preinit_array.00101
                0x10006bd4        0x4 CMakeFiles/blink.dir/C_/VSARM/sdk/pico/pico-sdk/src/rp2_common/pico_runtime_init/runtime_init.c.obj
                0x10006bd4                __pre_init_runtime_init_usb_power_down
 .preinit_array.00275
                0x10006bd8        0x4 CMakeFiles/blink.dir/C_/VSARM/sdk/pico/pico-sdk/src/rp2_common/pico_bit_ops/bit_ops_aeabi.S.obj
 .preinit_array.00300
                0x10006bdc        0x4 CMakeFiles/blink.dir/C_/VSARM/sdk/pico/pico-sdk/src/rp2_common/pico_mem_ops/mem_ops_aeabi.S.obj
 .preinit_array.00350
                0x10006be0        0x4 CMakeFiles/blink.dir/C_/VSARM/sdk/pico/pico-sdk/src/rp2_common/pico_double/double_aeabi_rp2040.S.obj
 .preinit_array.00350
                0x10006be4        0x4 CMakeFiles/blink.dir/C_/VSARM/sdk/pico/pico-sdk/src/rp2_common/pico_float/float_aeabi_rp2040.S.obj
 .preinit_array.00500
                0x10006be8        0x4 CMakeFiles/blink.dir/C_/VSARM/sdk/pico/pico-sdk/src/rp2_common/pico_runtime_init/runtime_init.c.obj
                0x10006be8                __pre_init_runtime_init_clocks
 .preinit_array.00600
                0x10006bec        0x4 CMakeFiles/blink.dir/C_/VSARM/sdk/pico/pico-sdk/src/rp2_common/pico_runtime_init/runtime_init.c.obj
                0x10006bec                __pre_init_runtime_init_post_clock_resets
 .preinit_array.00700
                0x10006bf0        0x4 CMakeFiles/blink.dir/C_/VSARM/sdk/pico/pico-sdk/src/rp2_common/pico_runtime_init/runtime_init.c.obj
                0x10006bf0                __pre_init_runtime_init_rp2040_gpio_ie_disable
 .preinit_array.01000
                0x10006bf4        0x4 CMakeFiles/blink.dir/C_/VSARM/sdk/pico/pico-sdk/src/rp2_common/pico_runtime_init/runtime_init.c.obj
                0x10006bf4                __pre_init_runtime_init_spin_locks_reset
 .preinit_array.01100
                0x10006bf8        0x4 CMakeFiles/blink.dir/C_/VSARM/sdk/pico/pico-sdk/src/common/pico_sync/mutex.c.obj
                0x10006bf8                __pre_init_runtime_init_mutex
 .preinit_array.10080
                0x10006bfc        0x4 CMakeFiles/blink.dir/C_/VSARM/sdk/pico/pico-sdk/src/rp2_common/pico_runtime_init/runtime_init.c.obj
                0x10006bfc                __pre_init_runtime_init_install_ram_vector_table
 .preinit_array.11000
                0x10006c00        0x4 CMakeFiles/blink.dir/C_/VSARM/sdk/pico/pico-sdk/src/common/pico_time/time.c.obj
                0x10006c00                __pre_init_runtime_init_default_alarm_pool
 .preinit_array.YYYYY
                0x10006c04        0x4 CMakeFiles/blink.dir/C_/VSARM/sdk/pico/pico-sdk/src/rp2_common/pico_runtime/runtime.c.obj
                0x10006c04                __pre_init_first_per_core_initializer
 .preinit_array.ZZZZZ.01200
                0x10006c08        0x4 CMakeFiles/blink.dir/C_/VSARM/sdk/pico/pico-sdk/src/rp2_common/hardware_irq/irq.c.obj
                0x10006c08                __pre_init_runtime_init_per_core_irq_priorities
 *(.preinit_array)
                0x10006c0c                PROVIDE (__preinit_array_end = .)
                0x10006c0c                . = ALIGN (0x4)
                0x10006c0c                PROVIDE (__init_array_start = .)
 *(SORT_BY_NAME(.init_array.*))
 *(.init_array)
 .init_array    0x10006c0c        0x4 c:/vsarm/armcc/10 2021.10/bin/../lib/gcc/arm-none-eabi/10.3.1/thumb/v6-m/nofp/crtbegin.o
 .init_array    0x10006c10        0x4 CMakeFiles/blink.dir/C_/VSARM/sdk/pico/pico-sdk/src/rp2_common/pico_unique_id/unique_id.c.obj
                0x10006c14                PROVIDE (__init_array_end = .)
                0x10006c14                . = ALIGN (0x4)
                [!provide]                PROVIDE (__fini_array_start = .)
 *(SORT_BY_NAME(.fini_array.*))
 *(.fini_array)
                [!provide]                PROVIDE (__fini_array_end = .)
 *(.eh_frame*)
 .eh_frame      0x10006c14        0x0 c:/vsarm/armcc/10 2021.10/bin/../lib/gcc/arm-none-eabi/10.3.1/thumb/v6-m/nofp/crtbegin.o
                0x10006c14                . = ALIGN (0x4)

.glue_7         0x10006c14        0x0
 .glue_7        0x10006c14        0x0 linker stubs

.glue_7t        0x10006c14        0x0
 .glue_7t       0x10006c14        0x0 linker stubs

.vfp11_veneer   0x10006c14        0x0
 .vfp11_veneer  0x10006c14        0x0 linker stubs

.v4_bx          0x10006c14        0x0
 .v4_bx         0x10006c14        0x0 linker stubs

.iplt           0x10006c14        0x0
 .iplt          0x10006c14        0x0 c:/vsarm/armcc/10 2021.10/bin/../lib/gcc/arm-none-eabi/10.3.1/thumb/v6-m/nofp/crtbegin.o

.rodata         0x10006c18     0x14cc
 *(EXCLUDE_FILE(*libm.a: *libc.a:*lib_a-mem*.o *libgcc.a:) .rodata*)
 .rodata.imu_init.str1.4
                0x10006c18       0x42 CMakeFiles/blink.dir/gyroscope_sensor.c.obj
 *fill*         0x10006c5a        0x2 
 .rodata.print_sensor_contents.str1.4
                0x10006c5c       0xa3 CMakeFiles/blink.dir/gyroscope_sensor.c.obj
 *fill*         0x10006cff        0x1 
 .rodata.i2c_set_baudrate.str1.4
                0x10006d00       0x5d CMakeFiles/blink.dir/C_/VSARM/sdk/pico/pico-sdk/src/rp2_common/hardware_i2c/i2c.c.obj
 *fill*         0x10006d5d        0x3 
 .rodata.__func__.0
                0x10006d60       0x11 CMakeFiles/blink.dir/C_/VSARM/sdk/pico/pico-sdk/src/rp2_common/hardware_i2c/i2c.c.obj
 *fill*         0x10006d71        0x3 
 .rodata.rp2040_chip_version.str1.4
                0x10006d74       0x75 CMakeFiles/blink.dir/C_/VSARM/sdk/pico/pico-sdk/src/rp2040/pico_platform/platform.c.obj
 *fill*         0x10006de9        0x3 
 .rodata.__func__.0
                0x10006dec       0x14 CMakeFiles/blink.dir/C_/VSARM/sdk/pico/pico-sdk/src/rp2040/pico_platform/platform.c.obj
 .rodata.panic.str1.4
                0x10006e00       0x12 CMakeFiles/blink.dir/C_/VSARM/sdk/pico/pico-sdk/src/rp2_common/pico_platform_panic/panic.c.obj
 *fill*         0x10006e12        0x2 
 .rodata.spin_lock_claim_unused.str1.4
                0x10006e14       0x1b CMakeFiles/blink.dir/C_/VSARM/sdk/pico/pico-sdk/src/rp2_common/hardware_sync/sync.c.obj
 *fill*         0x10006e2f        0x1 
 .rodata.alarm_pool_irq_handler.str1.4
                0x10006e30       0x63 CMakeFiles/blink.dir/C_/VSARM/sdk/pico/pico-sdk/src/common/pico_time/time.c.obj
 *fill*         0x10006e93        0x1 
 .rodata.alarm_pool_get_default.str1.4
                0x10006e94       0x21 CMakeFiles/blink.dir/C_/VSARM/sdk/pico/pico-sdk/src/common/pico_time/time.c.obj
 *fill*         0x10006eb5        0x3 
 .rodata.sleep_until.str1.4
                0x10006eb8       0x4d CMakeFiles/blink.dir/C_/VSARM/sdk/pico/pico-sdk/src/common/pico_time/time.c.obj
 *fill*         0x10006f05        0x3 
 .rodata.__func__.1
                0x10006f08       0x17 CMakeFiles/blink.dir/C_/VSARM/sdk/pico/pico-sdk/src/common/pico_time/time.c.obj
 *fill*         0x10006f1f        0x1 
 .rodata.__func__.2
                0x10006f20       0x17 CMakeFiles/blink.dir/C_/VSARM/sdk/pico/pico-sdk/src/common/pico_time/time.c.obj
 *fill*         0x10006f37        0x1 
 .rodata.timer_hardware_alarm_claim.str1.4
                0x10006f38       0x22 CMakeFiles/blink.dir/C_/VSARM/sdk/pico/pico-sdk/src/rp2_common/hardware_timer/timer.c.obj
 *fill*         0x10006f5a        0x2 
 .rodata.make_j_16.str1.4
                0x10006f5c       0x6d CMakeFiles/blink.dir/C_/VSARM/sdk/pico/pico-sdk/src/rp2_common/hardware_irq/irq.c.obj
 *fill*         0x10006fc9        0x3 
 .rodata.irq_set_exclusive_handler.str1.4
                0x10006fcc       0x36 CMakeFiles/blink.dir/C_/VSARM/sdk/pico/pico-sdk/src/rp2_common/hardware_irq/irq.c.obj
 *fill*         0x10007002        0x2 
 .rodata.irq_add_shared_handler.str1.4
                0x10007004       0xe9 CMakeFiles/blink.dir/C_/VSARM/sdk/pico/pico-sdk/src/rp2_common/hardware_irq/irq.c.obj
 *fill*         0x100070ed        0x3 
 .rodata.irq_add_tail_to_free_list.str1.4
                0x100070f0       0x3a CMakeFiles/blink.dir/C_/VSARM/sdk/pico/pico-sdk/src/rp2_common/hardware_irq/irq.c.obj
 *fill*         0x1000712a        0x2 
 .rodata.user_irq_claim_unused.str1.4
                0x1000712c       0x1b CMakeFiles/blink.dir/C_/VSARM/sdk/pico/pico-sdk/src/rp2_common/hardware_irq/irq.c.obj
 *fill*         0x10007147        0x1 
 .rodata.__func__.0
                0x10007148       0x1a CMakeFiles/blink.dir/C_/VSARM/sdk/pico/pico-sdk/src/rp2_common/hardware_irq/irq.c.obj
 *fill*         0x10007162        0x2 
 .rodata.__func__.3
                0x10007164        0xa CMakeFiles/blink.dir/C_/VSARM/sdk/pico/pico-sdk/src/rp2_common/hardware_irq/irq.c.obj
 *fill*         0x1000716e        0x2 
 .rodata.__func__.4
                0x10007170        0xd CMakeFiles/blink.dir/C_/VSARM/sdk/pico/pico-sdk/src/rp2_common/hardware_irq/irq.c.obj
 *fill*         0x1000717d        0x3 
 .rodata.__func__.5
                0x10007180       0x17 CMakeFiles/blink.dir/C_/VSARM/sdk/pico/pico-sdk/src/rp2_common/hardware_irq/irq.c.obj
 *fill*         0x10007197        0x1 
 .rodata.__func__.6
                0x10007198       0x1a CMakeFiles/blink.dir/C_/VSARM/sdk/pico/pico-sdk/src/rp2_common/hardware_irq/irq.c.obj
 *fill*         0x100071b2        0x2 
 .rodata.runtime_init_mutex.str1.4
                0x100071b4       0x58 CMakeFiles/blink.dir/C_/VSARM/sdk/pico/pico-sdk/src/common/pico_sync/mutex.c.obj
 .rodata.str1.4
                0x1000720c       0x51 CMakeFiles/blink.dir/C_/VSARM/sdk/pico/pico-sdk/src/common/pico_sync/mutex.c.obj
 *fill*         0x1000725d        0x3 
 .rodata.__func__.1
                0x10007260        0xb CMakeFiles/blink.dir/C_/VSARM/sdk/pico/pico-sdk/src/common/pico_sync/mutex.c.obj
 *fill*         0x1000726b        0x1 
 .rodata.__func__.3
                0x1000726c       0x18 CMakeFiles/blink.dir/C_/VSARM/sdk/pico/pico-sdk/src/common/pico_sync/mutex.c.obj
 .rodata.__func__.6
                0x10007284       0x13 CMakeFiles/blink.dir/C_/VSARM/sdk/pico/pico-sdk/src/common/pico_sync/mutex.c.obj
 *fill*         0x10007297        0x1 
 .rodata.pll_init.str1.4
                0x10007298      0x114 CMakeFiles/blink.dir/C_/VSARM/sdk/pico/pico-sdk/src/rp2_common/hardware_pll/pll.c.obj
 .rodata.__func__.0
                0x100073ac        0x9 CMakeFiles/blink.dir/C_/VSARM/sdk/pico/pico-sdk/src/rp2_common/hardware_pll/pll.c.obj
 *fill*         0x100073b5        0x3 
 .rodata.__aeabi_double_init.str1.4
                0x100073b8       0x93 CMakeFiles/blink.dir/C_/VSARM/sdk/pico/pico-sdk/src/rp2_common/pico_double/double_init_rom_rp2040.c.obj
 *fill*         0x1000744b        0x1 
 .rodata.__func__.0
                0x1000744c       0x14 CMakeFiles/blink.dir/C_/VSARM/sdk/pico/pico-sdk/src/rp2_common/pico_double/double_init_rom_rp2040.c.obj
 .rodata.__aeabi_float_init.str1.4
                0x10007460       0x81 CMakeFiles/blink.dir/C_/VSARM/sdk/pico/pico-sdk/src/rp2_common/pico_float/float_init_rom_rp2040.c.obj
                                 0x85 (size before relaxing)
 *fill*         0x100074e1        0x3 
 .rodata.__func__.0
                0x100074e4       0x13 CMakeFiles/blink.dir/C_/VSARM/sdk/pico/pico-sdk/src/rp2_common/pico_float/float_init_rom_rp2040.c.obj
 *fill*         0x100074f7        0x1 
 .rodata.str1.4
                0x100074f8       0x2c CMakeFiles/blink.dir/C_/VSARM/sdk/pico/pico-sdk/src/rp2_common/pico_standard_binary_info/standard_binary_info.c.obj
 .rodata.__bi_26
                0x10007524        0xc CMakeFiles/blink.dir/C_/VSARM/sdk/pico/pico-sdk/src/rp2_common/pico_standard_binary_info/standard_binary_info.c.obj
 .rodata.__bi_34
                0x10007530        0xc CMakeFiles/blink.dir/C_/VSARM/sdk/pico/pico-sdk/src/rp2_common/pico_standard_binary_info/standard_binary_info.c.obj
 .rodata.__bi_42
                0x1000753c        0xc CMakeFiles/blink.dir/C_/VSARM/sdk/pico/pico-sdk/src/rp2_common/pico_standard_binary_info/standard_binary_info.c.obj
 .rodata.__bi_48
                0x10007548        0xc CMakeFiles/blink.dir/C_/VSARM/sdk/pico/pico-sdk/src/rp2_common/pico_standard_binary_info/standard_binary_info.c.obj
 .rodata.__bi_54
                0x10007554        0xc CMakeFiles/blink.dir/C_/VSARM/sdk/pico/pico-sdk/src/rp2_common/pico_standard_binary_info/standard_binary_info.c.obj
 .rodata.__bi_84
                0x10007560        0xc CMakeFiles/blink.dir/C_/VSARM/sdk/pico/pico-sdk/src/rp2_common/pico_standard_binary_info/standard_binary_info.c.obj
 .rodata._ftoa.str1.4
                0x1000756c       0x15 CMakeFiles/blink.dir/C_/VSARM/sdk/pico/pico-sdk/src/rp2_common/pico_printf/printf.c.obj
 *fill*         0x10007581        0x3 
 .rodata._vsnprintf
                0x10007584      0x1e0 CMakeFiles/blink.dir/C_/VSARM/sdk/pico/pico-sdk/src/rp2_common/pico_printf/printf.c.obj
 *fill*         0x10007764        0x4 
 .rodata.pow10.0
                0x10007768       0x50 CMakeFiles/blink.dir/C_/VSARM/sdk/pico/pico-sdk/src/rp2_common/pico_printf/printf.c.obj
 .rodata.__assert_func.str1.4
                0x100077b8       0x3f CMakeFiles/blink.dir/C_/VSARM/sdk/pico/pico-sdk/src/rp2_common/pico_clib_interface/newlib_interface.c.obj
                                 0x43 (size before relaxing)
 *fill*         0x100077f7        0x1 
 .rodata.crlf_str.0
                0x100077f8        0x2 CMakeFiles/blink.dir/C_/VSARM/sdk/pico/pico-sdk/src/rp2_common/pico_stdio/stdio.c.obj
 *fill*         0x100077fa        0x2 
 .rodata._resetd_driver
                0x100077fc       0x20 CMakeFiles/blink.dir/C_/VSARM/sdk/pico/pico-sdk/src/rp2_common/pico_stdio_usb/reset_interface.c.obj
 .rodata.desc_bos
                0x1000781c       0x21 CMakeFiles/blink.dir/C_/VSARM/sdk/pico/pico-sdk/src/rp2_common/pico_stdio_usb/reset_interface.c.obj
                0x1000781c                desc_bos
 *fill*         0x1000783d        0x3 
 .rodata.desc_ms_os_20
                0x10007840       0xa6 CMakeFiles/blink.dir/C_/VSARM/sdk/pico/pico-sdk/src/rp2_common/pico_stdio_usb/reset_interface.c.obj
 *fill*         0x100078e6        0x2 
 .rodata.stdio_usb_init.str1.4
                0x100078e8       0x4d CMakeFiles/blink.dir/C_/VSARM/sdk/pico/pico-sdk/src/rp2_common/pico_stdio_usb/stdio_usb.c.obj
 *fill*         0x10007935        0x3 
 .rodata.str1.4
                0x10007938       0x13 CMakeFiles/blink.dir/C_/VSARM/sdk/pico/pico-sdk/src/rp2_common/pico_stdio_usb/stdio_usb.c.obj
 *fill*         0x1000794b        0x1 
 .rodata.__bi_197.1
                0x1000794c        0xc CMakeFiles/blink.dir/C_/VSARM/sdk/pico/pico-sdk/src/rp2_common/pico_stdio_usb/stdio_usb.c.obj
 .rodata.__func__.2
                0x10007958        0xf CMakeFiles/blink.dir/C_/VSARM/sdk/pico/pico-sdk/src/rp2_common/pico_stdio_usb/stdio_usb.c.obj
 *fill*         0x10007967        0x1 
 .rodata.str1.4
                0x10007968       0x2a CMakeFiles/blink.dir/C_/VSARM/sdk/pico/pico-sdk/src/rp2_common/pico_stdio_usb/stdio_usb_descriptors.c.obj
 *fill*         0x10007992        0x2 
 .rodata.usbd_desc_cfg
                0x10007994       0x54 CMakeFiles/blink.dir/C_/VSARM/sdk/pico/pico-sdk/src/rp2_common/pico_stdio_usb/stdio_usb_descriptors.c.obj
 .rodata.usbd_desc_device
                0x100079e8       0x12 CMakeFiles/blink.dir/C_/VSARM/sdk/pico/pico-sdk/src/rp2_common/pico_stdio_usb/stdio_usb_descriptors.c.obj
 *fill*         0x100079fa        0x2 
 .rodata.usbd_desc_str
                0x100079fc       0x18 CMakeFiles/blink.dir/C_/VSARM/sdk/pico/pico-sdk/src/rp2_common/pico_stdio_usb/stdio_usb_descriptors.c.obj
 .rodata.pico_get_unique_board_id_string.str1.4
                0x10007a14       0x4d CMakeFiles/blink.dir/C_/VSARM/sdk/pico/pico-sdk/src/rp2_common/pico_unique_id/unique_id.c.obj
 *fill*         0x10007a61        0x3 
 .rodata.__func__.0
                0x10007a64       0x20 CMakeFiles/blink.dir/C_/VSARM/sdk/pico/pico-sdk/src/rp2_common/pico_unique_id/unique_id.c.obj
 .rodata.str1.4
                0x10007a84      0x191 CMakeFiles/blink.dir/C_/VSARM/sdk/pico/pico-sdk/src/rp2_common/hardware_flash/flash.c.obj
 *fill*         0x10007c15        0x3 
 .rodata.__func__.0
                0x10007c18        0xd CMakeFiles/blink.dir/C_/VSARM/sdk/pico/pico-sdk/src/rp2_common/hardware_flash/flash.c.obj
 *fill*         0x10007c25        0x3 
 .rodata._hw_endpoint_alloc.str1.4
                0x10007c28       0xb5 CMakeFiles/blink.dir/C_/VSARM/sdk/pico/pico-sdk/lib/tinyusb/src/portable/raspberrypi/rp2040/dcd_rp2040.c.obj
 *fill*         0x10007cdd        0x3 
 .rodata.str1.4
                0x10007ce0       0x14 CMakeFiles/blink.dir/C_/VSARM/sdk/pico/pico-sdk/lib/tinyusb/src/portable/raspberrypi/rp2040/dcd_rp2040.c.obj
 .rodata.dcd_int_enable.str1.4
                0x10007cf4        0xc CMakeFiles/blink.dir/C_/VSARM/sdk/pico/pico-sdk/lib/tinyusb/src/portable/raspberrypi/rp2040/dcd_rp2040.c.obj
 .rodata.__func__.0
                0x10007d00        0xe CMakeFiles/blink.dir/C_/VSARM/sdk/pico/pico-sdk/lib/tinyusb/src/portable/raspberrypi/rp2040/dcd_rp2040.c.obj
 *fill*         0x10007d0e        0x2 
 .rodata.__func__.1
                0x10007d10        0xe CMakeFiles/blink.dir/C_/VSARM/sdk/pico/pico-sdk/lib/tinyusb/src/portable/raspberrypi/rp2040/dcd_rp2040.c.obj
 *fill*         0x10007d1e        0x2 
 .rodata.__func__.3
                0x10007d20       0x10 CMakeFiles/blink.dir/C_/VSARM/sdk/pico/pico-sdk/lib/tinyusb/src/portable/raspberrypi/rp2040/dcd_rp2040.c.obj
 .rodata.__func__.5
                0x10007d30        0xf CMakeFiles/blink.dir/C_/VSARM/sdk/pico/pico-sdk/lib/tinyusb/src/portable/raspberrypi/rp2040/dcd_rp2040.c.obj
 *fill*         0x10007d3f        0x1 
 .rodata.__func__.6
                0x10007d40       0x13 CMakeFiles/blink.dir/C_/VSARM/sdk/pico/pico-sdk/lib/tinyusb/src/portable/raspberrypi/rp2040/dcd_rp2040.c.obj
 *fill*         0x10007d53        0x1 
 .rodata.__func__.7
                0x10007d54        0x9 CMakeFiles/blink.dir/C_/VSARM/sdk/pico/pico-sdk/lib/tinyusb/src/portable/raspberrypi/rp2040/dcd_rp2040.c.obj
 *fill*         0x10007d5d        0x3 
 .rodata.str1.4
                0x10007d60       0xdc CMakeFiles/blink.dir/C_/VSARM/sdk/pico/pico-sdk/lib/tinyusb/src/portable/raspberrypi/rp2040/rp2040_usb.c.obj
 .rodata.hw_endpoint_xfer_start.str1.4
                0x10007e3c       0x38 CMakeFiles/blink.dir/C_/VSARM/sdk/pico/pico-sdk/lib/tinyusb/src/portable/raspberrypi/rp2040/rp2040_usb.c.obj
 .rodata.__func__.0
                0x10007e74        0xf CMakeFiles/blink.dir/C_/VSARM/sdk/pico/pico-sdk/lib/tinyusb/src/portable/raspberrypi/rp2040/rp2040_usb.c.obj
 *fill*         0x10007e83        0x1 
 .rodata.configuration_reset.str1.4
                0x10007e84       0x17 CMakeFiles/blink.dir/C_/VSARM/sdk/pico/pico-sdk/lib/tinyusb/src/device/usbd.c.obj
 *fill*         0x10007e9b        0x1 
 .rodata.process_get_descriptor
                0x10007e9c       0x40 CMakeFiles/blink.dir/C_/VSARM/sdk/pico/pico-sdk/lib/tinyusb/src/device/usbd.c.obj
 .rodata        0x10007edc       0x1c CMakeFiles/blink.dir/C_/VSARM/sdk/pico/pico-sdk/lib/tinyusb/src/device/usbd.c.obj
 .rodata.process_control_request
                0x10007ef8       0x28 CMakeFiles/blink.dir/C_/VSARM/sdk/pico/pico-sdk/lib/tinyusb/src/device/usbd.c.obj
 .rodata.tud_task_ext
                0x10007f20       0x24 CMakeFiles/blink.dir/C_/VSARM/sdk/pico/pico-sdk/lib/tinyusb/src/device/usbd.c.obj
 .rodata.__func__.10
                0x10007f44       0x18 CMakeFiles/blink.dir/C_/VSARM/sdk/pico/pico-sdk/lib/tinyusb/src/device/usbd.c.obj
 .rodata.__func__.11
                0x10007f5c       0x14 CMakeFiles/blink.dir/C_/VSARM/sdk/pico/pico-sdk/lib/tinyusb/src/device/usbd.c.obj
 .rodata.__func__.12
                0x10007f70        0xd CMakeFiles/blink.dir/C_/VSARM/sdk/pico/pico-sdk/lib/tinyusb/src/device/usbd.c.obj
 *fill*         0x10007f7d        0x3 
 .rodata.__func__.13
                0x10007f80        0x9 CMakeFiles/blink.dir/C_/VSARM/sdk/pico/pico-sdk/lib/tinyusb/src/device/usbd.c.obj
 *fill*         0x10007f89        0x3 
 .rodata.__func__.4
                0x10007f8c        0xf CMakeFiles/blink.dir/C_/VSARM/sdk/pico/pico-sdk/lib/tinyusb/src/device/usbd.c.obj
 *fill*         0x10007f9b        0x1 
 .rodata.__func__.5
                0x10007f9c        0xf CMakeFiles/blink.dir/C_/VSARM/sdk/pico/pico-sdk/lib/tinyusb/src/device/usbd.c.obj
 *fill*         0x10007fab        0x1 
 .rodata.__func__.6
                0x10007fac       0x14 CMakeFiles/blink.dir/C_/VSARM/sdk/pico/pico-sdk/lib/tinyusb/src/device/usbd.c.obj
 .rodata.__func__.7
                0x10007fc0        0xc CMakeFiles/blink.dir/C_/VSARM/sdk/pico/pico-sdk/lib/tinyusb/src/device/usbd.c.obj
 .rodata.__func__.8
                0x10007fcc       0x17 CMakeFiles/blink.dir/C_/VSARM/sdk/pico/pico-sdk/lib/tinyusb/src/device/usbd.c.obj
 *fill*         0x10007fe3        0x1 
 .rodata.__func__.9
                0x10007fe4       0x13 CMakeFiles/blink.dir/C_/VSARM/sdk/pico/pico-sdk/lib/tinyusb/src/device/usbd.c.obj
 *fill*         0x10007ff7        0x1 
 .rodata._usbd_driver
                0x10007ff8       0x40 CMakeFiles/blink.dir/C_/VSARM/sdk/pico/pico-sdk/lib/tinyusb/src/device/usbd.c.obj
 .rodata.tud_control_xfer.str1.4
                0x10008038       0x17 CMakeFiles/blink.dir/C_/VSARM/sdk/pico/pico-sdk/lib/tinyusb/src/device/usbd_control.c.obj
 .rodata.__func__.0
                0x10008038       0x15 CMakeFiles/blink.dir/C_/VSARM/sdk/pico/pico-sdk/lib/tinyusb/src/device/usbd_control.c.obj
 *fill*         0x1000804d        0x3 
 .rodata.__func__.1
                0x10008050       0x11 CMakeFiles/blink.dir/C_/VSARM/sdk/pico/pico-sdk/lib/tinyusb/src/device/usbd_control.c.obj
 .rodata.tud_cdc_n_write_flush.str1.4
                0x10008061       0x17 CMakeFiles/blink.dir/C_/VSARM/sdk/pico/pico-sdk/lib/tinyusb/src/class/cdc/cdc_device.c.obj
 *fill*         0x10008061        0x3 
 .rodata.__func__.0
                0x10008064        0xd CMakeFiles/blink.dir/C_/VSARM/sdk/pico/pico-sdk/lib/tinyusb/src/class/cdc/cdc_device.c.obj
 *fill*         0x10008071        0x3 
 .rodata.__func__.1
                0x10008074        0xa CMakeFiles/blink.dir/C_/VSARM/sdk/pico/pico-sdk/lib/tinyusb/src/class/cdc/cdc_device.c.obj
 *fill*         0x1000807e        0x2 
 .rodata.__func__.3
                0x10008080       0x16 CMakeFiles/blink.dir/C_/VSARM/sdk/pico/pico-sdk/lib/tinyusb/src/class/cdc/cdc_device.c.obj
 .rodata.tud_vendor_n_write_flush.str1.4
                0x10008096       0x17 CMakeFiles/blink.dir/C_/VSARM/sdk/pico/pico-sdk/lib/tinyusb/src/class/vendor/vendor_device.c.obj
 *fill*         0x10008096        0x2 
 .rodata.__func__.0
                0x10008098        0xd CMakeFiles/blink.dir/C_/VSARM/sdk/pico/pico-sdk/lib/tinyusb/src/class/vendor/vendor_device.c.obj
 *fill*         0x100080a5        0x3 
 .rodata.__func__.2
                0x100080a8       0x19 CMakeFiles/blink.dir/C_/VSARM/sdk/pico/pico-sdk/lib/tinyusb/src/class/vendor/vendor_device.c.obj
 .rodata.tusb_init.str1.4
                0x100080c1       0x17 CMakeFiles/blink.dir/C_/VSARM/sdk/pico/pico-sdk/lib/tinyusb/src/tusb.c.obj
 *fill*         0x100080c1        0x3 
 .rodata.__func__.3
                0x100080c4       0x11 CMakeFiles/blink.dir/C_/VSARM/sdk/pico/pico-sdk/lib/tinyusb/src/tusb.c.obj
 *fill*         0x100080d5        0x3 
 .rodata.__func__.4
                0x100080d8        0xa CMakeFiles/blink.dir/C_/VSARM/sdk/pico/pico-sdk/lib/tinyusb/src/tusb.c.obj
                0x100080e4                . = ALIGN (0x4)
 *fill*         0x100080e2        0x2 
 *(SORT_BY_ALIGNMENT(SORT_BY_NAME(.flashdata*)))
                0x100080e4                . = ALIGN (0x4)

.ARM.extab
 *(.ARM.extab* .gnu.linkonce.armextab.*)
                0x100080e4                __exidx_start = .

.ARM.exidx
 *(.ARM.exidx* .gnu.linkonce.armexidx.*)
                0x100080e4                __exidx_end = .
                0x100080e4                . = ALIGN (0x4)
                0x100080e4                __binary_info_start = .

.binary_info    0x100080e4       0x1c
 *(.binary_info.keep.*)
 .binary_info.keep.__bi_ptr26
                0x100080e4        0x4 CMakeFiles/blink.dir/C_/VSARM/sdk/pico/pico-sdk/src/rp2_common/pico_standard_binary_info/standard_binary_info.c.obj
 .binary_info.keep.__bi_ptr34
                0x100080e8        0x4 CMakeFiles/blink.dir/C_/VSARM/sdk/pico/pico-sdk/src/rp2_common/pico_standard_binary_info/standard_binary_info.c.obj
 .binary_info.keep.__bi_ptr42
                0x100080ec        0x4 CMakeFiles/blink.dir/C_/VSARM/sdk/pico/pico-sdk/src/rp2_common/pico_standard_binary_info/standard_binary_info.c.obj
 .binary_info.keep.__bi_ptr48
                0x100080f0        0x4 CMakeFiles/blink.dir/C_/VSARM/sdk/pico/pico-sdk/src/rp2_common/pico_standard_binary_info/standard_binary_info.c.obj
 .binary_info.keep.__bi_ptr54
                0x100080f4        0x4 CMakeFiles/blink.dir/C_/VSARM/sdk/pico/pico-sdk/src/rp2_common/pico_standard_binary_info/standard_binary_info.c.obj
 .binary_info.keep.__bi_ptr84
                0x100080f8        0x4 CMakeFiles/blink.dir/C_/VSARM/sdk/pico/pico-sdk/src/rp2_common/pico_standard_binary_info/standard_binary_info.c.obj
 *(.binary_info.*)
 .binary_info.__bi_ptr197
                0x100080fc        0x4 CMakeFiles/blink.dir/C_/VSARM/sdk/pico/pico-sdk/src/rp2_common/pico_stdio_usb/stdio_usb.c.obj
                0x10008100                __binary_info_end = .

.rel.dyn        0x10008100        0x0
 .rel.iplt      0x10008100        0x0 c:/vsarm/armcc/10 2021.10/bin/../lib/gcc/arm-none-eabi/10.3.1/thumb/v6-m/nofp/crtbegin.o
                0x10008100                . = ALIGN (0x4)

.ram_vector_table
                0x20000000       0xc0
 *(.ram_vector_table)
 .ram_vector_table
                0x20000000       0xc0 CMakeFiles/blink.dir/C_/VSARM/sdk/pico/pico-sdk/src/rp2_common/pico_runtime_init/runtime_init.c.obj
                0x20000000                ram_vector_table

.uninitialized_data
                0x200000c0        0x0
                0x200000c0                . = ALIGN (0x4)
 *(.uninitialized_data*)

.data           0x200000c0      0xc10 load address 0x10008100
                0x200000c0                __data_start__ = .
 *(vtable)
 *(.time_critical*)
 .time_critical.mutex_try_enter
                0x200000c0       0x46 CMakeFiles/blink.dir/C_/VSARM/sdk/pico/pico-sdk/src/common/pico_sync/mutex.c.obj
                0x200000c0                mutex_try_enter
 *fill*         0x20000106        0x2 
 .time_critical.mutex_enter_block_until
                0x20000108       0x8c CMakeFiles/blink.dir/C_/VSARM/sdk/pico/pico-sdk/src/common/pico_sync/mutex.c.obj
                0x20000108                mutex_enter_block_until
 .time_critical.mutex_try_enter_block_until
                0x20000194       0x34 CMakeFiles/blink.dir/C_/VSARM/sdk/pico/pico-sdk/src/common/pico_sync/mutex.c.obj
                0x20000194                mutex_try_enter_block_until
 .time_critical.mutex_enter_timeout_ms
                0x200001c8       0x3c CMakeFiles/blink.dir/C_/VSARM/sdk/pico/pico-sdk/src/common/pico_sync/mutex.c.obj
                0x200001c8                mutex_enter_timeout_ms
 .time_critical.mutex_exit
                0x20000204       0x4c CMakeFiles/blink.dir/C_/VSARM/sdk/pico/pico-sdk/src/common/pico_sync/mutex.c.obj
                0x20000204                mutex_exit
 .time_critical.flash_init_boot2_copyout
                0x20000250       0x30 CMakeFiles/blink.dir/C_/VSARM/sdk/pico/pico-sdk/src/rp2_common/hardware_flash/flash.c.obj
 .time_critical.flash_enable_xip_via_boot2
                0x20000280       0x10 CMakeFiles/blink.dir/C_/VSARM/sdk/pico/pico-sdk/src/rp2_common/hardware_flash/flash.c.obj
 .time_critical.flash_cs_force
                0x20000290       0x28 CMakeFiles/blink.dir/C_/VSARM/sdk/pico/pico-sdk/src/rp2_common/hardware_flash/flash.c.obj
 .time_critical.flash_do_cmd
                0x200002b8       0xd8 CMakeFiles/blink.dir/C_/VSARM/sdk/pico/pico-sdk/src/rp2_common/hardware_flash/flash.c.obj
                0x200002b8                flash_do_cmd
 .time_critical.reset_non_control_endpoints
                0x20000390       0x40 CMakeFiles/blink.dir/C_/VSARM/sdk/pico/pico-sdk/lib/tinyusb/src/portable/raspberrypi/rp2040/dcd_rp2040.c.obj
 .time_critical.hw_handle_buff_status
                0x200003d0       0xa4 CMakeFiles/blink.dir/C_/VSARM/sdk/pico/pico-sdk/lib/tinyusb/src/portable/raspberrypi/rp2040/dcd_rp2040.c.obj
 .time_critical.dcd_rp2040_irq
                0x20000474      0x22c CMakeFiles/blink.dir/C_/VSARM/sdk/pico/pico-sdk/lib/tinyusb/src/portable/raspberrypi/rp2040/dcd_rp2040.c.obj
 .time_critical.prepare_ep_buffer
                0x200006a0       0x70 CMakeFiles/blink.dir/C_/VSARM/sdk/pico/pico-sdk/lib/tinyusb/src/portable/raspberrypi/rp2040/rp2040_usb.c.obj
 .time_critical.e15_is_bulkin_ep
                0x20000710       0x2c CMakeFiles/blink.dir/C_/VSARM/sdk/pico/pico-sdk/lib/tinyusb/src/portable/raspberrypi/rp2040/rp2040_usb.c.obj
 .time_critical.e15_is_critical_frame_period
                0x2000073c       0x30 CMakeFiles/blink.dir/C_/VSARM/sdk/pico/pico-sdk/lib/tinyusb/src/portable/raspberrypi/rp2040/rp2040_usb.c.obj
 .time_critical.sync_ep_buffer
                0x2000076c       0x7c CMakeFiles/blink.dir/C_/VSARM/sdk/pico/pico-sdk/lib/tinyusb/src/portable/raspberrypi/rp2040/rp2040_usb.c.obj
 .time_critical._hw_endpoint_xfer_sync
                0x200007e8       0x28 CMakeFiles/blink.dir/C_/VSARM/sdk/pico/pico-sdk/lib/tinyusb/src/portable/raspberrypi/rp2040/rp2040_usb.c.obj
 .time_critical.hw_endpoint_reset_transfer
                0x20000810        0xc CMakeFiles/blink.dir/C_/VSARM/sdk/pico/pico-sdk/lib/tinyusb/src/portable/raspberrypi/rp2040/rp2040_usb.c.obj
                0x20000810                hw_endpoint_reset_transfer
 .time_critical._hw_endpoint_buffer_control_update32
                0x2000081c       0x4c CMakeFiles/blink.dir/C_/VSARM/sdk/pico/pico-sdk/lib/tinyusb/src/portable/raspberrypi/rp2040/rp2040_usb.c.obj
                0x2000081c                _hw_endpoint_buffer_control_update32
 .time_critical.hw_endpoint_start_next_buffer
                0x20000868       0x88 CMakeFiles/blink.dir/C_/VSARM/sdk/pico/pico-sdk/lib/tinyusb/src/portable/raspberrypi/rp2040/rp2040_usb.c.obj
                0x20000868                hw_endpoint_start_next_buffer
 .time_critical.hw_endpoint_xfer_continue
                0x200008f0       0x40 CMakeFiles/blink.dir/C_/VSARM/sdk/pico/pico-sdk/lib/tinyusb/src/portable/raspberrypi/rp2040/rp2040_usb.c.obj
                0x200008f0                hw_endpoint_xfer_continue
 .time_critical.tinyusb
                0x20000930      0x210 CMakeFiles/blink.dir/C_/VSARM/sdk/pico/pico-sdk/lib/tinyusb/src/device/usbd.c.obj
                0x20000930                dcd_event_handler
 *(.text*)
 .text          0x20000b40        0x4 c:/vsarm/armcc/10 2021.10/bin/../lib/gcc/arm-none-eabi/10.3.1/thumb/v6-m/nofp\libgcc.a(_dvmd_tls.o)
                0x20000b40                __aeabi_idiv0
                0x20000b40                __aeabi_ldiv0
 *fill*         0x20000b44        0x4 
 .text.__stub   0x20000b48       0xb0 linker stubs
                0x20000bf8                . = ALIGN (0x4)
 *(.rodata*)
                0x20000bf8                . = ALIGN (0x4)
 *(.data*)
 .data.i2c0_inst
                0x20000bf8        0x8 CMakeFiles/blink.dir/C_/VSARM/sdk/pico/pico-sdk/src/rp2_common/hardware_i2c/i2c.c.obj
                0x20000bf8                i2c0_inst
 .data.striped_spin_lock_num
                0x20000c00        0x1 CMakeFiles/blink.dir/C_/VSARM/sdk/pico/pico-sdk/src/rp2_common/hardware_sync/sync.c.obj
 *fill*         0x20000c01        0x3 
 .data.default_alarm_pool
                0x20000c04       0x18 CMakeFiles/blink.dir/C_/VSARM/sdk/pico/pico-sdk/src/common/pico_time/time.c.obj
 .data          0x20000c1c       0x48 CMakeFiles/blink.dir/C_/VSARM/sdk/pico/pico-sdk/src/rp2_common/hardware_irq/irq_handler_chain.S.obj
                0x20000c1c                irq_handler_chain_slots
                0x20000c4c                irq_handler_chain_first_slot
                0x20000c56                irq_handler_chain_remove_tail
 *fill*         0x20000c64        0xc 
 .data.aeabi_bits_funcs
                0x20000c70       0x10 CMakeFiles/blink.dir/C_/VSARM/sdk/pico/pico-sdk/src/rp2_common/pico_bit_ops/bit_ops_aeabi.S.obj
                0x20000c70                aeabi_bits_funcs
                0x20000c80                aeabi_bits_funcs_end
 .data.aeabi_mem_funcs
                0x20000c80       0x10 CMakeFiles/blink.dir/C_/VSARM/sdk/pico/pico-sdk/src/rp2_common/pico_mem_ops/mem_ops_aeabi.S.obj
                0x20000c80                aeabi_mem_funcs
                0x20000c90                aeabi_mem_funcs_end
 .data.stdio_usb
                0x20000c90       0x18 CMakeFiles/blink.dir/C_/VSARM/sdk/pico/pico-sdk/src/rp2_common/pico_stdio_usb/stdio_usb.c.obj
                0x20000c90                stdio_usb
 .data._usbd_qdef
                0x20000ca8       0x1c CMakeFiles/blink.dir/C_/VSARM/sdk/pico/pico-sdk/lib/tinyusb/src/device/usbd.c.obj
                0x20000ca8                _usbd_qdef
 .data._usbd_rhport
                0x20000cc4        0x1 CMakeFiles/blink.dir/C_/VSARM/sdk/pico/pico-sdk/lib/tinyusb/src/device/usbd.c.obj
                0x20000cc8                . = ALIGN (0x4)
 *fill*         0x20000cc5        0x3 
 *(.after_data.*)
                0x20000cc8                . = ALIGN (0x4)